Archive member included to satisfy reference by file (symbol)

c:/program files/stmicroelectronics/stm32cube/stm32cubeide_1.9.0/stm32cubeide/plugins/com.st.stm32cube.ide.mcu.externaltools.gnu-tools-for-stm32.10.3-2021.10.win32_1.0.0.202111181127/tools/bin/../lib/gcc/arm-none-eabi/10.3.1/../../../../arm-none-eabi/lib/thumb/v7e-m+fp/hard\libm.a(lib_a-s_ceil.o)
                              ./Core/Src/main.o (ceil)
c:/program files/stmicroelectronics/stm32cube/stm32cubeide_1.9.0/stm32cubeide/plugins/com.st.stm32cube.ide.mcu.externaltools.gnu-tools-for-stm32.10.3-2021.10.win32_1.0.0.202111181127/tools/bin/../lib/gcc/arm-none-eabi/10.3.1/../../../../arm-none-eabi/lib/thumb/v7e-m+fp/hard\libm.a(lib_a-s_cos.o)
                              ./Core/Src/main.o (cos)
c:/program files/stmicroelectronics/stm32cube/stm32cubeide_1.9.0/stm32cubeide/plugins/com.st.stm32cube.ide.mcu.externaltools.gnu-tools-for-stm32.10.3-2021.10.win32_1.0.0.202111181127/tools/bin/../lib/gcc/arm-none-eabi/10.3.1/../../../../arm-none-eabi/lib/thumb/v7e-m+fp/hard\libm.a(lib_a-s_sin.o)
                              ./Core/Src/main.o (sin)
c:/program files/stmicroelectronics/stm32cube/stm32cubeide_1.9.0/stm32cubeide/plugins/com.st.stm32cube.ide.mcu.externaltools.gnu-tools-for-stm32.10.3-2021.10.win32_1.0.0.202111181127/tools/bin/../lib/gcc/arm-none-eabi/10.3.1/../../../../arm-none-eabi/lib/thumb/v7e-m+fp/hard\libm.a(lib_a-e_rem_pio2.o)
                              c:/program files/stmicroelectronics/stm32cube/stm32cubeide_1.9.0/stm32cubeide/plugins/com.st.stm32cube.ide.mcu.externaltools.gnu-tools-for-stm32.10.3-2021.10.win32_1.0.0.202111181127/tools/bin/../lib/gcc/arm-none-eabi/10.3.1/../../../../arm-none-eabi/lib/thumb/v7e-m+fp/hard\libm.a(lib_a-s_cos.o) (__ieee754_rem_pio2)
c:/program files/stmicroelectronics/stm32cube/stm32cubeide_1.9.0/stm32cubeide/plugins/com.st.stm32cube.ide.mcu.externaltools.gnu-tools-for-stm32.10.3-2021.10.win32_1.0.0.202111181127/tools/bin/../lib/gcc/arm-none-eabi/10.3.1/../../../../arm-none-eabi/lib/thumb/v7e-m+fp/hard\libm.a(lib_a-k_cos.o)
                              c:/program files/stmicroelectronics/stm32cube/stm32cubeide_1.9.0/stm32cubeide/plugins/com.st.stm32cube.ide.mcu.externaltools.gnu-tools-for-stm32.10.3-2021.10.win32_1.0.0.202111181127/tools/bin/../lib/gcc/arm-none-eabi/10.3.1/../../../../arm-none-eabi/lib/thumb/v7e-m+fp/hard\libm.a(lib_a-s_cos.o) (__kernel_cos)
c:/program files/stmicroelectronics/stm32cube/stm32cubeide_1.9.0/stm32cubeide/plugins/com.st.stm32cube.ide.mcu.externaltools.gnu-tools-for-stm32.10.3-2021.10.win32_1.0.0.202111181127/tools/bin/../lib/gcc/arm-none-eabi/10.3.1/../../../../arm-none-eabi/lib/thumb/v7e-m+fp/hard\libm.a(lib_a-k_rem_pio2.o)
                              c:/program files/stmicroelectronics/stm32cube/stm32cubeide_1.9.0/stm32cubeide/plugins/com.st.stm32cube.ide.mcu.externaltools.gnu-tools-for-stm32.10.3-2021.10.win32_1.0.0.202111181127/tools/bin/../lib/gcc/arm-none-eabi/10.3.1/../../../../arm-none-eabi/lib/thumb/v7e-m+fp/hard\libm.a(lib_a-e_rem_pio2.o) (__kernel_rem_pio2)
c:/program files/stmicroelectronics/stm32cube/stm32cubeide_1.9.0/stm32cubeide/plugins/com.st.stm32cube.ide.mcu.externaltools.gnu-tools-for-stm32.10.3-2021.10.win32_1.0.0.202111181127/tools/bin/../lib/gcc/arm-none-eabi/10.3.1/../../../../arm-none-eabi/lib/thumb/v7e-m+fp/hard\libm.a(lib_a-k_sin.o)
                              c:/program files/stmicroelectronics/stm32cube/stm32cubeide_1.9.0/stm32cubeide/plugins/com.st.stm32cube.ide.mcu.externaltools.gnu-tools-for-stm32.10.3-2021.10.win32_1.0.0.202111181127/tools/bin/../lib/gcc/arm-none-eabi/10.3.1/../../../../arm-none-eabi/lib/thumb/v7e-m+fp/hard\libm.a(lib_a-s_cos.o) (__kernel_sin)
c:/program files/stmicroelectronics/stm32cube/stm32cubeide_1.9.0/stm32cubeide/plugins/com.st.stm32cube.ide.mcu.externaltools.gnu-tools-for-stm32.10.3-2021.10.win32_1.0.0.202111181127/tools/bin/../lib/gcc/arm-none-eabi/10.3.1/../../../../arm-none-eabi/lib/thumb/v7e-m+fp/hard\libm.a(lib_a-s_fabs.o)
                              c:/program files/stmicroelectronics/stm32cube/stm32cubeide_1.9.0/stm32cubeide/plugins/com.st.stm32cube.ide.mcu.externaltools.gnu-tools-for-stm32.10.3-2021.10.win32_1.0.0.202111181127/tools/bin/../lib/gcc/arm-none-eabi/10.3.1/../../../../arm-none-eabi/lib/thumb/v7e-m+fp/hard\libm.a(lib_a-e_rem_pio2.o) (fabs)
c:/program files/stmicroelectronics/stm32cube/stm32cubeide_1.9.0/stm32cubeide/plugins/com.st.stm32cube.ide.mcu.externaltools.gnu-tools-for-stm32.10.3-2021.10.win32_1.0.0.202111181127/tools/bin/../lib/gcc/arm-none-eabi/10.3.1/../../../../arm-none-eabi/lib/thumb/v7e-m+fp/hard\libm.a(lib_a-s_floor.o)
                              c:/program files/stmicroelectronics/stm32cube/stm32cubeide_1.9.0/stm32cubeide/plugins/com.st.stm32cube.ide.mcu.externaltools.gnu-tools-for-stm32.10.3-2021.10.win32_1.0.0.202111181127/tools/bin/../lib/gcc/arm-none-eabi/10.3.1/../../../../arm-none-eabi/lib/thumb/v7e-m+fp/hard\libm.a(lib_a-k_rem_pio2.o) (floor)
[...]
Memory Configuration

Name             Origin             Length             Attributes
RAM              0x0000000020000000 0x0000000000020000 xrw
FLASH            0x0000000008000000 0x0000000000080000 xr
*default*        0x0000000000000000 0xffffffffffffffff

Linker script and memory map

LOAD c:/program files/stmicroelectronics/stm32cube/stm32cubeide_1.9.0/stm32cubeide/plugins/com.st.stm32cube.ide.mcu.externaltools.gnu-tools-for-stm32.10.3-2021.10.win32_1.0.0.202111181127/tools/bin/../lib/gcc/arm-none-eabi/10.3.1/thumb/v7e-m+fp/hard/crti.o
LOAD c:/program files/stmicroelectronics/stm32cube/stm32cubeide_1.9.0/stm32cubeide/plugins/com.st.stm32cube.ide.mcu.externaltools.gnu-tools-for-stm32.10.3-2021.10.win32_1.0.0.202111181127/tools/bin/../lib/gcc/arm-none-eabi/10.3.1/thumb/v7e-m+fp/hard/crtbegin.o
LOAD c:/program files/stmicroelectronics/stm32cube/stm32cubeide_1.9.0/stm32cubeide/plugins/com.st.stm32cube.ide.mcu.externaltools.gnu-tools-for-stm32.10.3-2021.10.win32_1.0.0.202111181127/tools/bin/../lib/gcc/arm-none-eabi/10.3.1/../../../../arm-none-eabi/lib/thumb/v7e-m+fp/hard/crt0.o
LOAD ./Core/Src/main.o
LOAD ./Core/Src/stm32f4xx_hal_msp.o
LOAD ./Core/Src/stm32f4xx_it.o
LOAD ./Core/Src/syscalls.o
LOAD ./Core/Src/sysmem.o
LOAD ./Core/Src/system_stm32f4xx.o
LOAD ./Core/Startup/startup_stm32f446retx.o
LOAD ./Drivers/STM32F4xx_HAL_Driver/Src/stm32f4xx_hal.o
LOAD ./Drivers/STM32F4xx_HAL_Driver/Src/stm32f4xx_hal_adc.o
LOAD ./Drivers/STM32F4xx_HAL_Driver/Src/stm32f4xx_hal_adc_ex.o
LOAD ./Drivers/STM32F4xx_HAL_Driver/Src/stm32f4xx_hal_cortex.o
LOAD ./Drivers/STM32F4xx_HAL_Driver/Src/stm32f4xx_hal_dma.o
LOAD ./Drivers/STM32F4xx_HAL_Driver/Src/stm32f4xx_hal_dma_ex.o
LOAD ./Drivers/STM32F4xx_HAL_Driver/Src/stm32f4xx_hal_exti.o
LOAD ./Drivers/STM32F4xx_HAL_Driver/Src/stm32f4xx_hal_flash.o
LOAD ./Drivers/STM32F4xx_HAL_Driver/Src/stm32f4xx_hal_flash_ex.o
LOAD ./Drivers/STM32F4xx_HAL_Driver/Src/stm32f4xx_hal_flash_ramfunc.o
LOAD ./Drivers/STM32F4xx_HAL_Driver/Src/stm32f4xx_hal_gpio.o
LOAD ./Drivers/STM32F4xx_HAL_Driver/Src/stm32f4xx_hal_pwr.o
LOAD ./Drivers/STM32F4xx_HAL_Driver/Src/stm32f4xx_hal_pwr_ex.o
LOAD ./Drivers/STM32F4xx_HAL_Driver/Src/stm32f4xx_hal_rcc.o
LOAD ./Drivers/STM32F4xx_HAL_Driver/Src/stm32f4xx_hal_rcc_ex.o
LOAD ./Drivers/STM32F4xx_HAL_Driver/Src/stm32f4xx_hal_spi.o
LOAD ./Drivers/STM32F4xx_HAL_Driver/Src/stm32f4xx_hal_tim.o
LOAD ./Drivers/STM32F4xx_HAL_Driver/Src/stm32f4xx_hal_tim_ex.o
LOAD ./Drivers/STM32F4xx_HAL_Driver/Src/stm32f4xx_hal_uart.o
LOAD ./Drivers/STM32F4xx_HAL_Driver/Src/stm32f4xx_ll_adc.o
START GROUP
LOAD c:/program files/stmicroelectronics/stm32cube/stm32cubeide_1.9.0/stm32cubeide/plugins/com.st.stm32cube.ide.mcu.externaltools.gnu-tools-for-stm32.10.3-2021.10.win32_1.0.0.202111181127/tools/bin/../lib/gcc/arm-none-eabi/10.3.1/../../../../arm-none-eabi/lib/thumb/v7e-m+fp/hard\libstdc++_nano.a
LOAD c:/program files/stmicroelectronics/stm32cube/stm32cubeide_1.9.0/stm32cubeide/plugins/com.st.stm32cube.ide.mcu.externaltools.gnu-tools-for-stm32.10.3-2021.10.win32_1.0.0.202111181127/tools/bin/../lib/gcc/arm-none-eabi/10.3.1/../../../../arm-none-eabi/lib/thumb/v7e-m+fp/hard\libsupc++_nano.a
END GROUP
LOAD c:/program files/stmicroelectronics/stm32cube/stm32cubeide_1.9.0/stm32cubeide/plugins/com.st.stm32cube.ide.mcu.externaltools.gnu-tools-for-stm32.10.3-2021.10.win32_1.0.0.202111181127/tools/bin/../lib/gcc/arm-none-eabi/10.3.1/../../../../arm-none-eabi/lib/thumb/v7e-m+fp/hard\libstdc++_nano.a
LOAD c:/program files/stmicroelectronics/stm32cube/stm32cubeide_1.9.0/stm32cubeide/plugins/com.st.stm32cube.ide.mcu.externaltools.gnu-tools-for-stm32.10.3-2021.10.win32_1.0.0.202111181127/tools/bin/../lib/gcc/arm-none-eabi/10.3.1/../../../../arm-none-eabi/lib/thumb/v7e-m+fp/hard\libm.a
LOAD c:/program files/stmicroelectronics/stm32cube/stm32cubeide_1.9.0/stm32cubeide/plugins/com.st.stm32cube.ide.mcu.externaltools.gnu-tools-for-stm32.10.3-2021.10.win32_1.0.0.202111181127/tools/bin/../lib/gcc/arm-none-eabi/10.3.1/../../../../arm-none-eabi/lib/thumb/v7e-m+fp/hard\libc_nano.a
START GROUP
LOAD c:/program files/stmicroelectronics/stm32cube/stm32cubeide_1.9.0/stm32cubeide/plugins/com.st.stm32cube.ide.mcu.externaltools.gnu-tools-for-stm32.10.3-2021.10.win32_1.0.0.202111181127/tools/bin/../lib/gcc/arm-none-eabi/10.3.1/thumb/v7e-m+fp/hard\libgcc.a
LOAD c:/program files/stmicroelectronics/stm32cube/stm32cubeide_1.9.0/stm32cubeide/plugins/com.st.stm32cube.ide.mcu.externaltools.gnu-tools-for-stm32.10.3-2021.10.win32_1.0.0.202111181127/tools/bin/../lib/gcc/arm-none-eabi/10.3.1/../../../../arm-none-eabi/lib/thumb/v7e-m+fp/hard\libc_nano.a
END GROUP
START GROUP
LOAD c:/program files/stmicroelectronics/stm32cube/stm32cubeide_1.9.0/stm32cubeide/plugins/com.st.stm32cube.ide.mcu.externaltools.gnu-tools-for-stm32.10.3-2021.10.win32_1.0.0.202111181127/tools/bin/../lib/gcc/arm-none-eabi/10.3.1/thumb/v7e-m+fp/hard\libgcc.a
LOAD c:/program files/stmicroelectronics/stm32cube/stm32cubeide_1.9.0/stm32cubeide/plugins/com.st.stm32cube.ide.mcu.externaltools.gnu-tools-for-stm32.10.3-2021.10.win32_1.0.0.202111181127/tools/bin/../lib/gcc/arm-none-eabi/10.3.1/../../../../arm-none-eabi/lib/thumb/v7e-m+fp/hard\libc_nano.a
LOAD c:/program files/stmicroelectronics/stm32cube/stm32cubeide_1.9.0/stm32cubeide/plugins/com.st.stm32cube.ide.mcu.externaltools.gnu-tools-for-stm32.10.3-2021.10.win32_1.0.0.202111181127/tools/bin/../lib/gcc/arm-none-eabi/10.3.1/../../../../arm-none-eabi/lib/thumb/v7e-m+fp/hard\libnosys.a
END GROUP
START GROUP
LOAD c:/program files/stmicroelectronics/stm32cube/stm32cubeide_1.9.0/stm32cubeide/plugins/com.st.stm32cube.ide.mcu.externaltools.gnu-tools-for-stm32.10.3-2021.10.win32_1.0.0.202111181127/tools/bin/../lib/gcc/arm-none-eabi/10.3.1/thumb/v7e-m+fp/hard\libgcc.a
LOAD c:/program files/stmicroelectronics/stm32cube/stm32cubeide_1.9.0/stm32cubeide/plugins/com.st.stm32cube.ide.mcu.externaltools.gnu-tools-for-stm32.10.3-2021.10.win32_1.0.0.202111181127/tools/bin/../lib/gcc/arm-none-eabi/10.3.1/../../../../arm-none-eabi/lib/thumb/v7e-m+fp/hard\libc_nano.a
LOAD c:/program files/stmicroelectronics/stm32cube/stm32cubeide_1.9.0/stm32cubeide/plugins/com.st.stm32cube.ide.mcu.externaltools.gnu-tools-for-stm32.10.3-2021.10.win32_1.0.0.202111181127/tools/bin/../lib/gcc/arm-none-eabi/10.3.1/../../../../arm-none-eabi/lib/thumb/v7e-m+fp/hard\libnosys.a
END GROUP
LOAD c:/program files/stmicroelectronics/stm32cube/stm32cubeide_1.9.0/stm32cubeide/plugins/com.st.stm32cube.ide.mcu.externaltools.gnu-tools-for-stm32.10.3-2021.10.win32_1.0.0.202111181127/tools/bin/../lib/gcc/arm-none-eabi/10.3.1/thumb/v7e-m+fp/hard/crtend.o
LOAD c:/program files/stmicroelectronics/stm32cube/stm32cubeide_1.9.0/stm32cubeide/plugins/com.st.stm32cube.ide.mcu.externaltools.gnu-tools-for-stm32.10.3-2021.10.win32_1.0.0.202111181127/tools/bin/../lib/gcc/arm-none-eabi/10.3.1/thumb/v7e-m+fp/hard/crtn.o
                0x0000000020020000                _estack = (ORIGIN (RAM) + LENGTH (RAM))
                0x0000000000000200                _Min_Heap_Size = 0x200
                0x0000000000000400                _Min_Stack_Size = 0x400

.isr_vector     0x0000000008000000      0x1c4
                0x0000000008000000                . = ALIGN (0x4)
 *(.isr_vector)
 .isr_vector    0x0000000008000000      0x1c4 ./Core/Startup/startup_stm32f446retx.o
                0x0000000008000000                g_pfnVectors
                0x00000000080001c4                . = ALIGN (0x4)

.text           0x00000000080001c8     0x89b4
                0x00000000080001c8                . = ALIGN (0x4)
 *(.text)
 .text          0x00000000080001c8       0x40 c:/program files/stmicroelectronics/stm32cube/stm32cubeide_1.9.0/stm32cubeide/plugins/com.st.stm32cube.ide.mcu.externaltools.gnu-tools-for-stm32.10.3-2021.10.win32_1.0.0.202111181127/tools/bin/../lib/gcc/arm-none-eabi/10.3.1/thumb/v7e-m+fp/hard/crtbegin.o
 .text          0x0000000008000208      0x378 c:/program files/stmicroelectronics/stm32cube/stm32cubeide_1.9.0/stm32cubeide/plugins/com.st.stm32cube.ide.mcu.externaltools.gnu-tools-for-stm32.10.3-2021.10.win32_1.0.0.202111181127/tools/bin/../lib/gcc/arm-none-eabi/10.3.1/thumb/v7e-m+fp/hard\libgcc.a(_arm_addsubdf3.o)
                0x0000000008000208                __aeabi_drsub
                0x0000000008000210                __aeabi_dsub
                0x0000000008000210                __subdf3
                0x0000000008000214                __aeabi_dadd
                0x0000000008000214                __adddf3
                0x000000000800048c                __floatunsidf
                0x000000000800048c                __aeabi_ui2d
                0x00000000080004ac                __floatsidf
                0x00000000080004ac                __aeabi_i2d
                0x00000000080004d0                __aeabi_f2d
                0x00000000080004d0                __extendsfdf2
                0x0000000008000514                __floatundidf
                0x0000000008000514                __aeabi_ul2d
                0x0000000008000524                __floatdidf
                0x0000000008000524                __aeabi_l2d
 .text          0x0000000008000580      0x424 c:/program files/stmicroelectronics/stm32cube/stm32cubeide_1.9.0/stm32cubeide/plugins/com.st.stm32cube.ide.mcu.externaltools.gnu-tools-for-stm32.10.3-2021.10.win32_1.0.0.202111181127/tools/bin/../lib/gcc/arm-none-eabi/10.3.1/thumb/v7e-m+fp/hard\libgcc.a(_arm_muldivdf3.o)
                0x0000000008000580                __aeabi_dmul
                0x0000000008000580                __muldf3
                0x00000000080007d4                __divdf3
                0x00000000080007d4                __aeabi_ddiv
 .text          0x00000000080009a4      0x110 c:/program files/stmicroelectronics/stm32cube/stm32cubeide_1.9.0/stm32cubeide/plugins/com.st.stm32cube.ide.mcu.externaltools.gnu-tools-for-stm32.10.3-2021.10.win32_1.0.0.202111181127/tools/bin/../lib/gcc/arm-none-eabi/10.3.1/thumb/v7e-m+fp/hard\libgcc.a(_arm_cmpdf2.o)
                0x00000000080009a4                __gtdf2
                0x00000000080009a4                __gedf2
                0x00000000080009ac                __ltdf2
                0x00000000080009ac                __ledf2
                0x00000000080009b4                __nedf2
                0x00000000080009b4                __eqdf2
                0x00000000080009b4                __cmpdf2
                0x0000000008000a30                __aeabi_cdrcmple
                0x0000000008000a40                __aeabi_cdcmpeq
                0x0000000008000a40                __aeabi_cdcmple
                0x0000000008000a50                __aeabi_dcmpeq
                0x0000000008000a64                __aeabi_dcmplt
                0x0000000008000a78                __aeabi_dcmple
                0x0000000008000a8c                __aeabi_dcmpge
                0x0000000008000aa0                __aeabi_dcmpgt
 .text          0x0000000008000ab4       0x50 c:/program files/stmicroelectronics/stm32cube/stm32cubeide_1.9.0/stm32cubeide/plugins/com.st.stm32cube.ide.mcu.externaltools.gnu-tools-for-stm32.10.3-2021.10.win32_1.0.0.202111181127/tools/bin/../lib/gcc/arm-none-eabi/10.3.1/thumb/v7e-m+fp/hard\libgcc.a(_arm_fixdfsi.o)
                0x0000000008000ab4                __aeabi_d2iz
                0x0000000008000ab4                __fixdfsi
 .text          0x0000000008000b04       0x40 c:/program files/stmicroelectronics/stm32cube/stm32cubeide_1.9.0/stm32cubeide/plugins/com.st.stm32cube.ide.mcu.externaltools.gnu-tools-for-stm32.10.3-2021.10.win32_1.0.0.202111181127/tools/bin/../lib/gcc/arm-none-eabi/10.3.1/thumb/v7e-m+fp/hard\libgcc.a(_arm_fixunsdfsi.o)
                0x0000000008000b04                __aeabi_d2uiz
                0x0000000008000b04                __fixunsdfsi
 .text          0x0000000008000b44       0xa0 c:/program files/stmicroelectronics/stm32cube/stm32cubeide_1.9.0/stm32cubeide/plugins/com.st.stm32cube.ide.mcu.externaltools.gnu-tools-for-stm32.10.3-2021.10.win32_1.0.0.202111181127/tools/bin/../lib/gcc/arm-none-eabi/10.3.1/thumb/v7e-m+fp/hard\libgcc.a(_arm_truncdfsf2.o)
                0x0000000008000b44                __truncdfsf2
                0x0000000008000b44                __aeabi_d2f
 .text          0x0000000008000be4       0x30 c:/program files/stmicroelectronics/stm32cube/stm32cubeide_1.9.0/stm32cubeide/plugins/com.st.stm32cube.ide.mcu.externaltools.gnu-tools-for-stm32.10.3-2021.10.win32_1.0.0.202111181127/tools/bin/../lib/gcc/arm-none-eabi/10.3.1/thumb/v7e-m+fp/hard\libgcc.a(_aeabi_uldivmod.o)
                0x0000000008000be4                __aeabi_uldivmod
 .text          0x0000000008000c14      0x2d0 c:/program files/stmicroelectronics/stm32cube/stm32cubeide_1.9.0/stm32cubeide/plugins/com.st.stm32cube.ide.mcu.externaltools.gnu-tools-for-stm32.10.3-2021.10.win32_1.0.0.202111181127/tools/bin/../lib/gcc/arm-none-eabi/10.3.1/thumb/v7e-m+fp/hard\libgcc.a(_udivmoddi4.o)
                0x0000000008000c14                __udivmoddi4
 .text          0x0000000008000ee4        0x4 c:/program files/stmicroelectronics/stm32cube/stm32cubeide_1.9.0/stm32cubeide/plugins/com.st.stm32cube.ide.mcu.externaltools.gnu-tools-for-stm32.10.3-2021.10.win32_1.0.0.202111181127/tools/bin/../lib/gcc/arm-none-eabi/10.3.1/thumb/v7e-m+fp/hard\libgcc.a(_dvmd_tls.o)
                0x0000000008000ee4                __aeabi_idiv0
                0x0000000008000ee4                __aeabi_ldiv0
 *(.text*)
 .text.HAL_ADC_ConvCpltCallback
                0x0000000008000ee8       0x14 ./Core/Src/main.o
                0x0000000008000ee8                HAL_ADC_ConvCpltCallback
 .text.HAL_SPI_RxCpltCallback
                0x0000000008000efc       0x14 ./Core/Src/main.o
                0x0000000008000efc                HAL_SPI_RxCpltCallback
 .text.HAL_SPI_TxRxCpltCallback
                0x0000000008000f10       0x48 ./Core/Src/main.o
                0x0000000008000f10                HAL_SPI_TxRxCpltCallback
 .text.calibrateADC
                0x0000000008000f58       0xf0 ./Core/Src/main.o
                0x0000000008000f58                calibrateADC
 .text.delay_us
                0x0000000008001048       0x34 ./Core/Src/main.o
                0x0000000008001048                delay_us
 .text.startEncRead
                0x000000000800107c       0x4c ./Core/Src/main.o
                0x000000000800107c                startEncRead
 .text.readEnc  0x00000000080010c8       0x44 ./Core/Src/main.o
                0x00000000080010c8                readEnc
 .text.getElecAngle
                0x000000000800110c       0x84 ./Core/Src/main.o
                0x000000000800110c                getElecAngle
 .text.main     0x0000000008001190      0x124 ./Core/Src/main.o
                0x0000000008001190                main
 .text.SystemClock_Config
                0x00000000080012b4       0xe4 ./Core/Src/main.o
                0x00000000080012b4                SystemClock_Config
 .text.MX_ADC1_Init
                0x0000000008001398       0xa4 ./Core/Src/main.o
 .text.MX_ADC2_Init
                0x000000000800143c       0xa4 ./Core/Src/main.o
 .text.MX_ADC3_Init
                0x00000000080014e0       0xa4 ./Core/Src/main.o
 .text.MX_SPI1_Init
                0x0000000008001584       0x6c ./Core/Src/main.o
 .text.MX_SPI2_Init
                0x00000000080015f0       0x6c ./Core/Src/main.o
 .text.MX_TIM1_Init
                0x000000000800165c      0x16c ./Core/Src/main.o
 .text.MX_TIM6_Init
                0x00000000080017c8       0x6c ./Core/Src/main.o
 .text.MX_USART2_UART_Init
                0x0000000008001834       0x54 ./Core/Src/main.o
 .text.MX_DMA_Init
                0x0000000008001888       0x70 ./Core/Src/main.o
 .text.MX_GPIO_Init
                0x00000000080018f8      0x128 ./Core/Src/main.o
 .text.SPISend  0x0000000008001a20       0x64 ./Core/Src/main.o
                0x0000000008001a20                SPISend
 .text.setMosfet
                0x0000000008001a84       0x7c ./Core/Src/main.o
                0x0000000008001a84                setMosfet
 .text.Sector   0x0000000008001b00       0x84 ./Core/Src/main.o
                0x0000000008001b00                Sector
 *fill*         0x0000000008001b84        0x4 
 .text.Convert  0x0000000008001b88       0x50 ./Core/Src/main.o
                0x0000000008001b88                Convert
 .text.SpaceVector
                0x0000000008001bd8      0x394 ./Core/Src/main.o
                0x0000000008001bd8                SpaceVector
 .text.Error_Handler
                0x0000000008001f6c        0xa ./Core/Src/main.o
                0x0000000008001f6c                Error_Handler
 *fill*         0x0000000008001f76        0x2 
 .text.HAL_MspInit
                0x0000000008001f78       0x50 ./Core/Src/stm32f4xx_hal_msp.o
                0x0000000008001f78                HAL_MspInit
 .text.HAL_ADC_MspInit
                0x0000000008001fc8      0x27c ./Core/Src/stm32f4xx_hal_msp.o
                0x0000000008001fc8                HAL_ADC_MspInit
 .text.HAL_SPI_MspInit
                0x0000000008002244      0x174 ./Core/Src/stm32f4xx_hal_msp.o
                0x0000000008002244                HAL_SPI_MspInit
 .text.HAL_TIM_Base_MspInit
                0x00000000080023b8       0x7c ./Core/Src/stm32f4xx_hal_msp.o
                0x00000000080023b8                HAL_TIM_Base_MspInit
 .text.HAL_TIM_MspPostInit
                0x0000000008002434       0x74 ./Core/Src/stm32f4xx_hal_msp.o
                0x0000000008002434                HAL_TIM_MspPostInit
 .text.HAL_UART_MspInit
                0x00000000080024a8       0xa0 ./Core/Src/stm32f4xx_hal_msp.o
                0x00000000080024a8                HAL_UART_MspInit
 .text.NMI_Handler
                0x0000000008002548        0x6 ./Core/Src/stm32f4xx_it.o
                0x0000000008002548                NMI_Handler
 .text.HardFault_Handler
                0x000000000800254e        0x6 ./Core/Src/stm32f4xx_it.o
                0x000000000800254e                HardFault_Handler
 .text.MemManage_Handler
                0x0000000008002554        0x6 ./Core/Src/stm32f4xx_it.o
                0x0000000008002554                MemManage_Handler
 .text.BusFault_Handler
                0x000000000800255a        0x6 ./Core/Src/stm32f4xx_it.o
                0x000000000800255a                BusFault_Handler
 .text.UsageFault_Handler
                0x0000000008002560        0x6 ./Core/Src/stm32f4xx_it.o
                0x0000000008002560                UsageFault_Handler
 .text.SVC_Handler
                0x0000000008002566        0xe ./Core/Src/stm32f4xx_it.o
                0x0000000008002566                SVC_Handler
 .text.DebugMon_Handler
                0x0000000008002574        0xe ./Core/Src/stm32f4xx_it.o
                0x0000000008002574                DebugMon_Handler
 .text.PendSV_Handler
                0x0000000008002582        0xe ./Core/Src/stm32f4xx_it.o
                0x0000000008002582                PendSV_Handler
 .text.SysTick_Handler
                0x0000000008002590        0xc ./Core/Src/stm32f4xx_it.o
                0x0000000008002590                SysTick_Handler
 *fill*         0x000000000800259c        0x4 
 .text.TIM1_UP_TIM10_IRQHandler
                0x00000000080025a0      0x138 ./Core/Src/stm32f4xx_it.o
                0x00000000080025a0                TIM1_UP_TIM10_IRQHandler
 .text.SPI1_IRQHandler
                0x00000000080026d8       0x14 ./Core/Src/stm32f4xx_it.o
                0x00000000080026d8                SPI1_IRQHandler
 .text.USART2_IRQHandler
                0x00000000080026ec       0x14 ./Core/Src/stm32f4xx_it.o
                0x00000000080026ec                USART2_IRQHandler
 .text.DMA2_Stream0_IRQHandler
                0x0000000008002700       0x14 ./Core/Src/stm32f4xx_it.o
                0x0000000008002700                DMA2_Stream0_IRQHandler
 .text.DMA2_Stream1_IRQHandler
                0x0000000008002714       0x14 ./Core/Src/stm32f4xx_it.o
                0x0000000008002714                DMA2_Stream1_IRQHandler
 .text.DMA2_Stream2_IRQHandler
                0x0000000008002728       0x14 ./Core/Src/stm32f4xx_it.o
                0x0000000008002728                DMA2_Stream2_IRQHandler
 .text.DMA2_Stream4_IRQHandler
                0x000000000800273c       0x14 ./Core/Src/stm32f4xx_it.o
                0x000000000800273c                DMA2_Stream4_IRQHandler
 .text.SystemInit
                0x0000000008002750       0x24 ./Core/Src/system_stm32f4xx.o
                0x0000000008002750                SystemInit
 .text.Reset_Handler
                0x0000000008002774       0x50 ./Core/Startup/startup_stm32f446retx.o
                0x0000000008002774                Reset_Handler
 .text.Default_Handler
                0x00000000080027c4        0x2 ./Core/Startup/startup_stm32f446retx.o
                0x00000000080027c4                RTC_Alarm_IRQHandler
                0x00000000080027c4                EXTI2_IRQHandler
                0x00000000080027c4                TIM8_CC_IRQHandler
                0x00000000080027c4                FMPI2C1_EV_IRQHandler
                0x00000000080027c4                SPI4_IRQHandler
                0x00000000080027c4                TIM1_CC_IRQHandler
                0x00000000080027c4                DMA2_Stream5_IRQHandler
                0x00000000080027c4                DMA1_Stream5_IRQHandler
                0x00000000080027c4                PVD_IRQHandler
                0x00000000080027c4                SDIO_IRQHandler
                0x00000000080027c4                TAMP_STAMP_IRQHandler
                0x00000000080027c4                CAN2_RX1_IRQHandler
                0x00000000080027c4                EXTI3_IRQHandler
                0x00000000080027c4                TIM8_TRG_COM_TIM14_IRQHandler
                0x00000000080027c4                TIM8_UP_TIM13_IRQHandler
                0x00000000080027c4                I2C3_ER_IRQHandler
                0x00000000080027c4                EXTI0_IRQHandler
                0x00000000080027c4                I2C2_EV_IRQHandler
                0x00000000080027c4                DMA1_Stream2_IRQHandler
                0x00000000080027c4                CAN1_RX0_IRQHandler
                0x00000000080027c4                FPU_IRQHandler
                0x00000000080027c4                OTG_HS_WKUP_IRQHandler
                0x00000000080027c4                CAN2_SCE_IRQHandler
                0x00000000080027c4                TIM6_DAC_IRQHandler
                0x00000000080027c4                TIM1_BRK_TIM9_IRQHandler
                0x00000000080027c4                DCMI_IRQHandler
                0x00000000080027c4                CAN2_RX0_IRQHandler
                0x00000000080027c4                DMA2_Stream3_IRQHandler
                0x00000000080027c4                SAI2_IRQHandler
                0x00000000080027c4                USART6_IRQHandler
                0x00000000080027c4                USART3_IRQHandler
                0x00000000080027c4                CAN1_RX1_IRQHandler
                0x00000000080027c4                UART5_IRQHandler
                0x00000000080027c4                TIM4_IRQHandler
                0x00000000080027c4                QUADSPI_IRQHandler
                0x00000000080027c4                I2C1_EV_IRQHandler
                0x00000000080027c4                DMA1_Stream6_IRQHandler
                0x00000000080027c4                DMA1_Stream1_IRQHandler
                0x00000000080027c4                UART4_IRQHandler
                0x00000000080027c4                TIM3_IRQHandler
                0x00000000080027c4                RCC_IRQHandler
                0x00000000080027c4                TIM8_BRK_TIM12_IRQHandler
                0x00000000080027c4                Default_Handler
                0x00000000080027c4                CEC_IRQHandler
                0x00000000080027c4                EXTI15_10_IRQHandler
                0x00000000080027c4                ADC_IRQHandler
                0x00000000080027c4                DMA1_Stream7_IRQHandler
                0x00000000080027c4                TIM7_IRQHandler
                0x00000000080027c4                CAN2_TX_IRQHandler
                0x00000000080027c4                TIM5_IRQHandler
                0x00000000080027c4                DMA2_Stream7_IRQHandler
                0x00000000080027c4                I2C3_EV_IRQHandler
                0x00000000080027c4                EXTI9_5_IRQHandler
                0x00000000080027c4                RTC_WKUP_IRQHandler
                0x00000000080027c4                SPDIF_RX_IRQHandler
                0x00000000080027c4                SPI2_IRQHandler
                0x00000000080027c4                OTG_HS_EP1_IN_IRQHandler
                0x00000000080027c4                DMA1_Stream0_IRQHandler
                0x00000000080027c4                CAN1_TX_IRQHandler
                0x00000000080027c4                FMPI2C1_ER_IRQHandler
                0x00000000080027c4                EXTI4_IRQHandler
                0x00000000080027c4                OTG_HS_EP1_OUT_IRQHandler
                0x00000000080027c4                WWDG_IRQHandler
                0x00000000080027c4                TIM2_IRQHandler
                0x00000000080027c4                OTG_FS_WKUP_IRQHandler
                0x00000000080027c4                TIM1_TRG_COM_TIM11_IRQHandler
                0x00000000080027c4                OTG_HS_IRQHandler
                0x00000000080027c4                EXTI1_IRQHandler
                0x00000000080027c4                I2C2_ER_IRQHandler
                0x00000000080027c4                CAN1_SCE_IRQHandler
                0x00000000080027c4                FLASH_IRQHandler
                0x00000000080027c4                USART1_IRQHandler
                0x00000000080027c4                OTG_FS_IRQHandler
                0x00000000080027c4                SPI3_IRQHandler
                0x00000000080027c4                DMA1_Stream4_IRQHandler
                0x00000000080027c4                I2C1_ER_IRQHandler
                0x00000000080027c4                FMC_IRQHandler
                0x00000000080027c4                DMA2_Stream6_IRQHandler
                0x00000000080027c4                SAI1_IRQHandler
                0x00000000080027c4                DMA1_Stream3_IRQHandler
 *fill*         0x00000000080027c6        0x2 
 .text.HAL_Init
                0x00000000080027c8       0x44 ./Drivers/STM32F4xx_HAL_Driver/Src/stm32f4xx_hal.o
                0x00000000080027c8                HAL_Init
 .text.HAL_InitTick
                0x000000000800280c       0x60 ./Drivers/STM32F4xx_HAL_Driver/Src/stm32f4xx_hal.o
                0x000000000800280c                HAL_InitTick
 .text.HAL_IncTick
                0x000000000800286c       0x28 ./Drivers/STM32F4xx_HAL_Driver/Src/stm32f4xx_hal.o
                0x000000000800286c                HAL_IncTick
 .text.HAL_GetTick
                0x0000000008002894       0x18 ./Drivers/STM32F4xx_HAL_Driver/Src/stm32f4xx_hal.o
                0x0000000008002894                HAL_GetTick
 .text.HAL_Delay
                0x00000000080028ac       0x48 ./Drivers/STM32F4xx_HAL_Driver/Src/stm32f4xx_hal.o
                0x00000000080028ac                HAL_Delay
 .text.HAL_ADC_Init
                0x00000000080028f4       0x86 ./Drivers/STM32F4xx_HAL_Driver/Src/stm32f4xx_hal_adc.o
                0x00000000080028f4                HAL_ADC_Init
 *fill*         0x000000000800297a        0x2 
 .text.HAL_ADC_Start
                0x000000000800297c      0x1a4 ./Drivers/STM32F4xx_HAL_Driver/Src/stm32f4xx_hal_adc.o
                0x000000000800297c                HAL_ADC_Start
 .text.HAL_ADC_Stop
                0x0000000008002b20       0x66 ./Drivers/STM32F4xx_HAL_Driver/Src/stm32f4xx_hal_adc.o
                0x0000000008002b20                HAL_ADC_Stop
 .text.HAL_ADC_PollForConversion
                0x0000000008002b86      0x116 ./Drivers/STM32F4xx_HAL_Driver/Src/stm32f4xx_hal_adc.o
                0x0000000008002b86                HAL_ADC_PollForConversion
 .text.HAL_ADC_Start_DMA
                0x0000000008002c9c      0x220 ./Drivers/STM32F4xx_HAL_Driver/Src/stm32f4xx_hal_adc.o
                0x0000000008002c9c                HAL_ADC_Start_DMA
 .text.HAL_ADC_GetValue
                0x0000000008002ebc       0x1a ./Drivers/STM32F4xx_HAL_Driver/Src/stm32f4xx_hal_adc.o
                0x0000000008002ebc                HAL_ADC_GetValue
 .text.HAL_ADC_ConvHalfCpltCallback
                0x0000000008002ed6       0x14 ./Drivers/STM32F4xx_HAL_Driver/Src/stm32f4xx_hal_adc.o
                0x0000000008002ed6                HAL_ADC_ConvHalfCpltCallback
 .text.HAL_ADC_ErrorCallback
                0x0000000008002eea       0x14 ./Drivers/STM32F4xx_HAL_Driver/Src/stm32f4xx_hal_adc.o
                0x0000000008002eea                HAL_ADC_ErrorCallback
 *fill*         0x0000000008002efe        0x2 
 .text.HAL_ADC_ConfigChannel
                0x0000000008002f00      0x264 ./Drivers/STM32F4xx_HAL_Driver/Src/stm32f4xx_hal_adc.o
                0x0000000008002f00                HAL_ADC_ConfigChannel
 .text.ADC_Init
                0x0000000008003164      0x1f8 ./Drivers/STM32F4xx_HAL_Driver/Src/stm32f4xx_hal_adc.o
 .text.ADC_DMAConvCplt
                0x000000000800335c       0xba ./Drivers/STM32F4xx_HAL_Driver/Src/stm32f4xx_hal_adc.o
 .text.ADC_DMAHalfConvCplt
                0x0000000008003416       0x1c ./Drivers/STM32F4xx_HAL_Driver/Src/stm32f4xx_hal_adc.o
 .text.ADC_DMAError
                0x0000000008003432       0x2e ./Drivers/STM32F4xx_HAL_Driver/Src/stm32f4xx_hal_adc.o
 .text.__NVIC_SetPriorityGrouping
                0x0000000008003460       0x48 ./Drivers/STM32F4xx_HAL_Driver/Src/stm32f4xx_hal_cortex.o
 .text.__NVIC_GetPriorityGrouping
                0x00000000080034a8       0x1c ./Drivers/STM32F4xx_HAL_Driver/Src/stm32f4xx_hal_cortex.o
 .text.__NVIC_EnableIRQ
                0x00000000080034c4       0x3c ./Drivers/STM32F4xx_HAL_Driver/Src/stm32f4xx_hal_cortex.o
 .text.__NVIC_SetPriority
                0x0000000008003500       0x54 ./Drivers/STM32F4xx_HAL_Driver/Src/stm32f4xx_hal_cortex.o
 .text.NVIC_EncodePriority
                0x0000000008003554       0x66 ./Drivers/STM32F4xx_HAL_Driver/Src/stm32f4xx_hal_cortex.o
 *fill*         0x00000000080035ba        0x2 
 .text.SysTick_Config
                0x00000000080035bc       0x44 ./Drivers/STM32F4xx_HAL_Driver/Src/stm32f4xx_hal_cortex.o
 .text.HAL_NVIC_SetPriorityGrouping
                0x0000000008003600       0x16 ./Drivers/STM32F4xx_HAL_Driver/Src/stm32f4xx_hal_cortex.o
                0x0000000008003600                HAL_NVIC_SetPriorityGrouping
 .text.HAL_NVIC_SetPriority
                0x0000000008003616       0x38 ./Drivers/STM32F4xx_HAL_Driver/Src/stm32f4xx_hal_cortex.o
                0x0000000008003616                HAL_NVIC_SetPriority
 .text.HAL_NVIC_EnableIRQ
                0x000000000800364e       0x1c ./Drivers/STM32F4xx_HAL_Driver/Src/stm32f4xx_hal_cortex.o
                0x000000000800364e                HAL_NVIC_EnableIRQ
 .text.HAL_SYSTICK_Config
                0x000000000800366a       0x18 ./Drivers/STM32F4xx_HAL_Driver/Src/stm32f4xx_hal_cortex.o
                0x000000000800366a                HAL_SYSTICK_Config
 *fill*         0x0000000008003682        0x2 
 .text.HAL_DMA_Init
                0x0000000008003684      0x15c ./Drivers/STM32F4xx_HAL_Driver/Src/stm32f4xx_hal_dma.o
                0x0000000008003684                HAL_DMA_Init
 .text.HAL_DMA_Start_IT
                0x00000000080037e0       0xb0 ./Drivers/STM32F4xx_HAL_Driver/Src/stm32f4xx_hal_dma.o
                0x00000000080037e0                HAL_DMA_Start_IT
 .text.HAL_DMA_Abort
                0x0000000008003890       0xe0 ./Drivers/STM32F4xx_HAL_Driver/Src/stm32f4xx_hal_dma.o
                0x0000000008003890                HAL_DMA_Abort
 .text.HAL_DMA_Abort_IT
                0x0000000008003970       0x44 ./Drivers/STM32F4xx_HAL_Driver/Src/stm32f4xx_hal_dma.o
                0x0000000008003970                HAL_DMA_Abort_IT
 .text.HAL_DMA_IRQHandler
                0x00000000080039b4      0x314 ./Drivers/STM32F4xx_HAL_Driver/Src/stm32f4xx_hal_dma.o
                0x00000000080039b4                HAL_DMA_IRQHandler
 .text.DMA_SetConfig
                0x0000000008003cc8       0x5c ./Drivers/STM32F4xx_HAL_Driver/Src/stm32f4xx_hal_dma.o
 .text.DMA_CalcBaseAndBitshift
                0x0000000008003d24       0x6c ./Drivers/STM32F4xx_HAL_Driver/Src/stm32f4xx_hal_dma.o
 .text.DMA_CheckFifoParam
                0x0000000008003d90       0xf8 ./Drivers/STM32F4xx_HAL_Driver/Src/stm32f4xx_hal_dma.o
 .text.HAL_GPIO_Init
                0x0000000008003e88      0x328 ./Drivers/STM32F4xx_HAL_Driver/Src/stm32f4xx_hal_gpio.o
                0x0000000008003e88                HAL_GPIO_Init
 .text.HAL_GPIO_WritePin
                0x00000000080041b0       0x32 ./Drivers/STM32F4xx_HAL_Driver/Src/stm32f4xx_hal_gpio.o
                0x00000000080041b0                HAL_GPIO_WritePin
 *fill*         0x00000000080041e2        0x2 
 .text.HAL_PWREx_EnableOverDrive
                0x00000000080041e4       0xa0 ./Drivers/STM32F4xx_HAL_Driver/Src/stm32f4xx_hal_pwr_ex.o
                0x00000000080041e4                HAL_PWREx_EnableOverDrive
 .text.HAL_RCC_ClockConfig
                0x0000000008004284      0x1cc ./Drivers/STM32F4xx_HAL_Driver/Src/stm32f4xx_hal_rcc.o
                0x0000000008004284                HAL_RCC_ClockConfig
 .text.HAL_RCC_GetHCLKFreq
                0x0000000008004450       0x18 ./Drivers/STM32F4xx_HAL_Driver/Src/stm32f4xx_hal_rcc.o
                0x0000000008004450                HAL_RCC_GetHCLKFreq
 .text.HAL_RCC_GetPCLK1Freq
                0x0000000008004468       0x28 ./Drivers/STM32F4xx_HAL_Driver/Src/stm32f4xx_hal_rcc.o
                0x0000000008004468                HAL_RCC_GetPCLK1Freq
 .text.HAL_RCC_GetPCLK2Freq
                0x0000000008004490       0x28 ./Drivers/STM32F4xx_HAL_Driver/Src/stm32f4xx_hal_rcc.o
                0x0000000008004490                HAL_RCC_GetPCLK2Freq
 .text.HAL_RCC_GetSysClockFreq
                0x00000000080044b8      0x460 ./Drivers/STM32F4xx_HAL_Driver/Src/stm32f4xx_hal_rcc_ex.o
                0x00000000080044b8                HAL_RCC_GetSysClockFreq
 .text.HAL_RCC_OscConfig
                0x0000000008004918      0x53c ./Drivers/STM32F4xx_HAL_Driver/Src/stm32f4xx_hal_rcc_ex.o
                0x0000000008004918                HAL_RCC_OscConfig
 .text.HAL_SPI_Init
                0x0000000008004e54      0x112 ./Drivers/STM32F4xx_HAL_Driver/Src/stm32f4xx_hal_spi.o
                0x0000000008004e54                HAL_SPI_Init
 .text.HAL_SPI_Transmit
                0x0000000008004f66      0x278 ./Drivers/STM32F4xx_HAL_Driver/Src/stm32f4xx_hal_spi.o
                0x0000000008004f66                HAL_SPI_Transmit
 *fill*         0x00000000080051de        0x2 
 .text.HAL_SPI_TransmitReceive_IT
                0x00000000080051e0      0x128 ./Drivers/STM32F4xx_HAL_Driver/Src/stm32f4xx_hal_spi.o
                0x00000000080051e0                HAL_SPI_TransmitReceive_IT
 .text.HAL_SPI_IRQHandler
                0x0000000008005308      0x200 ./Drivers/STM32F4xx_HAL_Driver/Src/stm32f4xx_hal_spi.o
                0x0000000008005308                HAL_SPI_IRQHandler
 .text.HAL_SPI_ErrorCallback
                0x0000000008005508       0x14 ./Drivers/STM32F4xx_HAL_Driver/Src/stm32f4xx_hal_spi.o
                0x0000000008005508                HAL_SPI_ErrorCallback
 .text.SPI_DMAAbortOnError
                0x000000000800551c       0x28 ./Drivers/STM32F4xx_HAL_Driver/Src/stm32f4xx_hal_spi.o
 .text.SPI_2linesRxISR_8BIT
                0x0000000008005544       0x64 ./Drivers/STM32F4xx_HAL_Driver/Src/stm32f4xx_hal_spi.o
 .text.SPI_2linesTxISR_8BIT
                0x00000000080055a8       0x60 ./Drivers/STM32F4xx_HAL_Driver/Src/stm32f4xx_hal_spi.o
 .text.SPI_2linesRxISR_16BIT
                0x0000000008005608       0x60 ./Drivers/STM32F4xx_HAL_Driver/Src/stm32f4xx_hal_spi.o
 .text.SPI_2linesTxISR_16BIT
                0x0000000008005668       0x5e ./Drivers/STM32F4xx_HAL_Driver/Src/stm32f4xx_hal_spi.o
 *fill*         0x00000000080056c6        0x2 
 .text.SPI_WaitFlagStateUntilTimeout
                0x00000000080056c8      0x110 ./Drivers/STM32F4xx_HAL_Driver/Src/stm32f4xx_hal_spi.o
 .text.SPI_EndRxTxTransaction
                0x00000000080057d8       0x84 ./Drivers/STM32F4xx_HAL_Driver/Src/stm32f4xx_hal_spi.o
 .text.SPI_CloseRxTx_ISR
                0x000000000800585c       0xe8 ./Drivers/STM32F4xx_HAL_Driver/Src/stm32f4xx_hal_spi.o
 .text.HAL_TIM_Base_Init
                0x0000000008005944       0x9e ./Drivers/STM32F4xx_HAL_Driver/Src/stm32f4xx_hal_tim.o
                0x0000000008005944                HAL_TIM_Base_Init
 *fill*         0x00000000080059e2        0x2 
 .text.HAL_TIM_Base_Start
                0x00000000080059e4       0xd0 ./Drivers/STM32F4xx_HAL_Driver/Src/stm32f4xx_hal_tim.o
                0x00000000080059e4                HAL_TIM_Base_Start
 .text.HAL_TIM_Base_Start_IT
                0x0000000008005ab4       0xe0 ./Drivers/STM32F4xx_HAL_Driver/Src/stm32f4xx_hal_tim.o
                0x0000000008005ab4                HAL_TIM_Base_Start_IT
 .text.HAL_TIM_PWM_Init
                0x0000000008005b94       0x9e ./Drivers/STM32F4xx_HAL_Driver/Src/stm32f4xx_hal_tim.o
                0x0000000008005b94                HAL_TIM_PWM_Init
 .text.HAL_TIM_PWM_MspInit
                0x0000000008005c32       0x14 ./Drivers/STM32F4xx_HAL_Driver/Src/stm32f4xx_hal_tim.o
                0x0000000008005c32                HAL_TIM_PWM_MspInit
 *fill*         0x0000000008005c46        0x2 
 .text.HAL_TIM_PWM_Start
                0x0000000008005c48      0x190 ./Drivers/STM32F4xx_HAL_Driver/Src/stm32f4xx_hal_tim.o
                0x0000000008005c48                HAL_TIM_PWM_Start
 .text.HAL_TIM_IRQHandler
                0x0000000008005dd8      0x210 ./Drivers/STM32F4xx_HAL_Driver/Src/stm32f4xx_hal_tim.o
                0x0000000008005dd8                HAL_TIM_IRQHandler
 .text.HAL_TIM_PWM_ConfigChannel
                0x0000000008005fe8      0x184 ./Drivers/STM32F4xx_HAL_Driver/Src/stm32f4xx_hal_tim.o
                0x0000000008005fe8                HAL_TIM_PWM_ConfigChannel
 .text.HAL_TIM_ConfigClockSource
                0x000000000800616c      0x18e ./Drivers/STM32F4xx_HAL_Driver/Src/stm32f4xx_hal_tim.o
                0x000000000800616c                HAL_TIM_ConfigClockSource
 .text.HAL_TIM_PeriodElapsedCallback
                0x00000000080062fa       0x14 ./Drivers/STM32F4xx_HAL_Driver/Src/stm32f4xx_hal_tim.o
                0x00000000080062fa                HAL_TIM_PeriodElapsedCallback
 .text.HAL_TIM_OC_DelayElapsedCallback
                0x000000000800630e       0x14 ./Drivers/STM32F4xx_HAL_Driver/Src/stm32f4xx_hal_tim.o
                0x000000000800630e                HAL_TIM_OC_DelayElapsedCallback
 .text.HAL_TIM_IC_CaptureCallback
                0x0000000008006322       0x14 ./Drivers/STM32F4xx_HAL_Driver/Src/stm32f4xx_hal_tim.o
                0x0000000008006322                HAL_TIM_IC_CaptureCallback
 .text.HAL_TIM_PWM_PulseFinishedCallback
                0x0000000008006336       0x14 ./Drivers/STM32F4xx_HAL_Driver/Src/stm32f4xx_hal_tim.o
                0x0000000008006336                HAL_TIM_PWM_PulseFinishedCallback
 .text.HAL_TIM_TriggerCallback
                0x000000000800634a       0x14 ./Drivers/STM32F4xx_HAL_Driver/Src/stm32f4xx_hal_tim.o
                0x000000000800634a                HAL_TIM_TriggerCallback
 *fill*         0x000000000800635e        0x2 
 .text.TIM_Base_SetConfig
                0x0000000008006360      0x140 ./Drivers/STM32F4xx_HAL_Driver/Src/stm32f4xx_hal_tim.o
                0x0000000008006360                TIM_Base_SetConfig
 .text.TIM_OC1_SetConfig
                0x00000000080064a0       0xe0 ./Drivers/STM32F4xx_HAL_Driver/Src/stm32f4xx_hal_tim.o
 .text.TIM_OC2_SetConfig
                0x0000000008006580       0xec ./Drivers/STM32F4xx_HAL_Driver/Src/stm32f4xx_hal_tim.o
                0x0000000008006580                TIM_OC2_SetConfig
 .text.TIM_OC3_SetConfig
                0x000000000800666c       0xe8 ./Drivers/STM32F4xx_HAL_Driver/Src/stm32f4xx_hal_tim.o
 .text.TIM_OC4_SetConfig
                0x0000000008006754       0xac ./Drivers/STM32F4xx_HAL_Driver/Src/stm32f4xx_hal_tim.o
 .text.TIM_TI1_ConfigInputStage
                0x0000000008006800       0x5e ./Drivers/STM32F4xx_HAL_Driver/Src/stm32f4xx_hal_tim.o
 .text.TIM_TI2_ConfigInputStage
                0x000000000800685e       0x60 ./Drivers/STM32F4xx_HAL_Driver/Src/stm32f4xx_hal_tim.o
 .text.TIM_ITRx_SetConfig
                0x00000000080068be       0x36 ./Drivers/STM32F4xx_HAL_Driver/Src/stm32f4xx_hal_tim.o
 .text.TIM_ETR_SetConfig
                0x00000000080068f4       0x40 ./Drivers/STM32F4xx_HAL_Driver/Src/stm32f4xx_hal_tim.o
                0x00000000080068f4                TIM_ETR_SetConfig
 .text.TIM_CCxChannelCmd
                0x0000000008006934       0x4a ./Drivers/STM32F4xx_HAL_Driver/Src/stm32f4xx_hal_tim.o
                0x0000000008006934                TIM_CCxChannelCmd
 *fill*         0x000000000800697e        0x2 
 .text.HAL_TIMEx_MasterConfigSynchronization
                0x0000000008006980       0xf8 ./Drivers/STM32F4xx_HAL_Driver/Src/stm32f4xx_hal_tim_ex.o
                0x0000000008006980                HAL_TIMEx_MasterConfigSynchronization
 .text.HAL_TIMEx_ConfigBreakDeadTime
                0x0000000008006a78       0xa4 ./Drivers/STM32F4xx_HAL_Driver/Src/stm32f4xx_hal_tim_ex.o
                0x0000000008006a78                HAL_TIMEx_ConfigBreakDeadTime
 .text.HAL_TIMEx_CommutCallback
                0x0000000008006b1c       0x14 ./Drivers/STM32F4xx_HAL_Driver/Src/stm32f4xx_hal_tim_ex.o
                0x0000000008006b1c                HAL_TIMEx_CommutCallback
 .text.HAL_TIMEx_BreakCallback
                0x0000000008006b30       0x14 ./Drivers/STM32F4xx_HAL_Driver/Src/stm32f4xx_hal_tim_ex.o
                0x0000000008006b30                HAL_TIMEx_BreakCallback
 .text.HAL_UART_Init
                0x0000000008006b44       0x9a ./Drivers/STM32F4xx_HAL_Driver/Src/stm32f4xx_hal_uart.o
                0x0000000008006b44                HAL_UART_Init
 *fill*         0x0000000008006bde        0x2 
 .text.HAL_UART_IRQHandler
                0x0000000008006be0      0x51c ./Drivers/STM32F4xx_HAL_Driver/Src/stm32f4xx_hal_uart.o
                0x0000000008006be0                HAL_UART_IRQHandler
 .text.HAL_UART_TxCpltCallback
                0x00000000080070fc       0x14 ./Drivers/STM32F4xx_HAL_Driver/Src/stm32f4xx_hal_uart.o
                0x00000000080070fc                HAL_UART_TxCpltCallback
 .text.HAL_UART_RxCpltCallback
                0x0000000008007110       0x14 ./Drivers/STM32F4xx_HAL_Driver/Src/stm32f4xx_hal_uart.o
                0x0000000008007110                HAL_UART_RxCpltCallback
 .text.HAL_UART_ErrorCallback
                0x0000000008007124       0x14 ./Drivers/STM32F4xx_HAL_Driver/Src/stm32f4xx_hal_uart.o
                0x0000000008007124                HAL_UART_ErrorCallback
 .text.HAL_UARTEx_RxEventCallback
                0x0000000008007138       0x18 ./Drivers/STM32F4xx_HAL_Driver/Src/stm32f4xx_hal_uart.o
                0x0000000008007138                HAL_UARTEx_RxEventCallback
 .text.UART_EndRxTransfer
                0x0000000008007150       0xc6 ./Drivers/STM32F4xx_HAL_Driver/Src/stm32f4xx_hal_uart.o
 .text.UART_DMAAbortOnError
                0x0000000008007216       0x28 ./Drivers/STM32F4xx_HAL_Driver/Src/stm32f4xx_hal_uart.o
 .text.UART_Transmit_IT
                0x000000000800723e       0xa0 ./Drivers/STM32F4xx_HAL_Driver/Src/stm32f4xx_hal_uart.o
 .text.UART_EndTransmit_IT
                0x00000000080072de       0x30 ./Drivers/STM32F4xx_HAL_Driver/Src/stm32f4xx_hal_uart.o
 .text.UART_Receive_IT
                0x000000000800730e      0x176 ./Drivers/STM32F4xx_HAL_Driver/Src/stm32f4xx_hal_uart.o
 .text.UART_SetConfig
                0x0000000008007484      0x4e8 ./Drivers/STM32F4xx_HAL_Driver/Src/stm32f4xx_hal_uart.o
 *fill*         0x000000000800796c        0x4 
 .text.ceil     0x0000000008007970      0x108 c:/program files/stmicroelectronics/stm32cube/stm32cubeide_1.9.0/stm32cubeide/plugins/com.st.stm32cube.ide.mcu.externaltools.gnu-tools-for-stm32.10.3-2021.10.win32_1.0.0.202111181127/tools/bin/../lib/gcc/arm-none-eabi/10.3.1/../../../../arm-none-eabi/lib/thumb/v7e-m+fp/hard\libm.a(lib_a-s_ceil.o)
                0x0000000008007970                ceil
 .text.sin      0x0000000008007a78       0xb0 c:/program files/stmicroelectronics/stm32cube/stm32cubeide_1.9.0/stm32cubeide/plugins/com.st.stm32cube.ide.mcu.externaltools.gnu-tools-for-stm32.10.3-2021.10.win32_1.0.0.202111181127/tools/bin/../lib/gcc/arm-none-eabi/10.3.1/../../../../arm-none-eabi/lib/thumb/v7e-m+fp/hard\libm.a(lib_a-s_sin.o)
                0x0000000008007a78                sin
 .text.__ieee754_rem_pio2
                0x0000000008007b28      0x418 c:/program files/stmicroelectronics/stm32cube/stm32cubeide_1.9.0/stm32cubeide/plugins/com.st.stm32cube.ide.mcu.externaltools.gnu-tools-for-stm32.10.3-2021.10.win32_1.0.0.202111181127/tools/bin/../lib/gcc/arm-none-eabi/10.3.1/../../../../arm-none-eabi/lib/thumb/v7e-m+fp/hard\libm.a(lib_a-e_rem_pio2.o)
                0x0000000008007b28                __ieee754_rem_pio2
 .text.__kernel_cos
                0x0000000008007f40      0x18c c:/program files/stmicroelectronics/stm32cube/stm32cubeide_1.9.0/stm32cubeide/plugins/com.st.stm32cube.ide.mcu.externaltools.gnu-tools-for-stm32.10.3-2021.10.win32_1.0.0.202111181127/tools/bin/../lib/gcc/arm-none-eabi/10.3.1/../../../../arm-none-eabi/lib/thumb/v7e-m+fp/hard\libm.a(lib_a-k_cos.o)
                0x0000000008007f40                __kernel_cos
 *fill*         0x00000000080080cc        0x4 
 .text.__kernel_rem_pio2
                0x00000000080080d0      0x69c c:/program files/stmicroelectronics/stm32cube/stm32cubeide_1.9.0/stm32cubeide/plugins/com.st.stm32cube.ide.mcu.externaltools.gnu-tools-for-stm32.10.3-2021.10.win32_1.0.0.202111181127/tools/bin/../lib/gcc/arm-none-eabi/10.3.1/../../../../arm-none-eabi/lib/thumb/v7e-m+fp/hard\libm.a(lib_a-k_rem_pio2.o)
                0x00000000080080d0                __kernel_rem_pio2
 *fill*         0x000000000800876c        0x4 
 .text.__kernel_sin
                0x0000000008008770      0x17c c:/program files/stmicroelectronics/stm32cube/stm32cubeide_1.9.0/stm32cubeide/plugins/com.st.stm32cube.ide.mcu.externaltools.gnu-tools-for-stm32.10.3-2021.10.win32_1.0.0.202111181127/tools/bin/../lib/gcc/arm-none-eabi/10.3.1/../../../../arm-none-eabi/lib/thumb/v7e-m+fp/hard\libm.a(lib_a-k_sin.o)
                0x0000000008008770                __kernel_sin
 .text.fabs     0x00000000080088ec       0x12 c:/program files/stmicroelectronics/stm32cube/stm32cubeide_1.9.0/stm32cubeide/plugins/com.st.stm32cube.ide.mcu.externaltools.gnu-tools-for-stm32.10.3-2021.10.win32_1.0.0.202111181127/tools/bin/../lib/gcc/arm-none-eabi/10.3.1/../../../../arm-none-eabi/lib/thumb/v7e-m+fp/hard\libm.a(lib_a-s_fabs.o)
                0x00000000080088ec                fabs
 *fill*         0x00000000080088fe        0x2 
 .text.floor    0x0000000008008900      0x100 c:/program files/stmicroelectronics/stm32cube/stm32cubeide_1.9.0/stm32cubeide/plugins/com.st.stm32cube.ide.mcu.externaltools.gnu-tools-for-stm32.10.3-2021.10.win32_1.0.0.202111181127/tools/bin/../lib/gcc/arm-none-eabi/10.3.1/../../../../arm-none-eabi/lib/thumb/v7e-m+fp/hard\libm.a(lib_a-s_floor.o)
                0x0000000008008900                floor
 .text.scalbn   0x0000000008008a00      0x10c c:/program files/stmicroelectronics/stm32cube/stm32cubeide_1.9.0/stm32cubeide/plugins/com.st.stm32cube.ide.mcu.externaltools.gnu-tools-for-stm32.10.3-2021.10.win32_1.0.0.202111181127/tools/bin/../lib/gcc/arm-none-eabi/10.3.1/../../../../arm-none-eabi/lib/thumb/v7e-m+fp/hard\libm.a(lib_a-s_scalbn.o)
                0x0000000008008a00                scalbn
 .text.__libc_init_array
                0x0000000008008b0c       0x48 c:/program files/stmicroelectronics/stm32cube/stm32cubeide_1.9.0/stm32cubeide/plugins/com.st.stm32cube.ide.mcu.externaltools.gnu-tools-for-stm32.10.3-2021.10.win32_1.0.0.202111181127/tools/bin/../lib/gcc/arm-none-eabi/10.3.1/../../../../arm-none-eabi/lib/thumb/v7e-m+fp/hard\libc_nano.a(lib_a-init.o)
                0x0000000008008b0c                __libc_init_array
 .text.memset   0x0000000008008b54       0x10 c:/program files/stmicroelectronics/stm32cube/stm32cubeide_1.9.0/stm32cubeide/plugins/com.st.stm32cube.ide.mcu.externaltools.gnu-tools-for-stm32.10.3-2021.10.win32_1.0.0.202111181127/tools/bin/../lib/gcc/arm-none-eabi/10.3.1/../../../../arm-none-eabi/lib/thumb/v7e-m+fp/hard\libc_nano.a(lib_a-memset.o)
                0x0000000008008b54                memset
 *(.glue_7)
 .glue_7        0x0000000008008b64        0x0 linker stubs
 *(.glue_7t)
 .glue_7t       0x0000000008008b64        0x0 linker stubs
 *(.eh_frame)
 .eh_frame      0x0000000008008b64        0x0 c:/program files/stmicroelectronics/stm32cube/stm32cubeide_1.9.0/stm32cubeide/plugins/com.st.stm32cube.ide.mcu.externaltools.gnu-tools-for-stm32.10.3-2021.10.win32_1.0.0.202111181127/tools/bin/../lib/gcc/arm-none-eabi/10.3.1/thumb/v7e-m+fp/hard/crtbegin.o
 *(.init)
 .init          0x0000000008008b64        0x4 c:/program files/stmicroelectronics/stm32cube/stm32cubeide_1.9.0/stm32cubeide/plugins/com.st.stm32cube.ide.mcu.externaltools.gnu-tools-for-stm32.10.3-2021.10.win32_1.0.0.202111181127/tools/bin/../lib/gcc/arm-none-eabi/10.3.1/thumb/v7e-m+fp/hard/crti.o
                0x0000000008008b64                _init
 .init          0x0000000008008b68        0x8 c:/program files/stmicroelectronics/stm32cube/stm32cubeide_1.9.0/stm32cubeide/plugins/com.st.stm32cube.ide.mcu.externaltools.gnu-tools-for-stm32.10.3-2021.10.win32_1.0.0.202111181127/tools/bin/../lib/gcc/arm-none-eabi/10.3.1/thumb/v7e-m+fp/hard/crtn.o
 *(.fini)
 .fini          0x0000000008008b70        0x4 c:/program files/stmicroelectronics/stm32cube/stm32cubeide_1.9.0/stm32cubeide/plugins/com.st.stm32cube.ide.mcu.externaltools.gnu-tools-for-stm32.10.3-2021.10.win32_1.0.0.202111181127/tools/bin/../lib/gcc/arm-none-eabi/10.3.1/thumb/v7e-m+fp/hard/crti.o
                0x0000000008008b70                _fini
 .fini          0x0000000008008b74        0x8 c:/program files/stmicroelectronics/stm32cube/stm32cubeide_1.9.0/stm32cubeide/plugins/com.st.stm32cube.ide.mcu.externaltools.gnu-tools-for-stm32.10.3-2021.10.win32_1.0.0.202111181127/tools/bin/../lib/gcc/arm-none-eabi/10.3.1/thumb/v7e-m+fp/hard/crtn.o
                0x0000000008008b7c                . = ALIGN (0x4)
                0x0000000008008b7c                _etext = .

.vfp11_veneer   0x0000000008008b7c        0x0
 .vfp11_veneer  0x0000000008008b7c        0x0 linker stubs

.v4_bx          0x0000000008008b7c        0x0
 .v4_bx         0x0000000008008b7c        0x0 linker stubs

.iplt           0x0000000008008b7c        0x0
 .iplt          0x0000000008008b7c        0x0 c:/program files/stmicroelectronics/stm32cube/stm32cubeide_1.9.0/stm32cubeide/plugins/com.st.stm32cube.ide.mcu.externaltools.gnu-tools-for-stm32.10.3-2021.10.win32_1.0.0.202111181127/tools/bin/../lib/gcc/arm-none-eabi/10.3.1/thumb/v7e-m+fp/hard/crtbegin.o

.rodata         0x0000000008008b80      0x1f8
                0x0000000008008b80                . = ALIGN (0x4)
 *(.rodata)
 *(.rodata*)
 .rodata.AHBPrescTable
                0x0000000008008b80       0x10 ./Core/Src/system_stm32f4xx.o
                0x0000000008008b80                AHBPrescTable
 .rodata.APBPrescTable
                0x0000000008008b90        0x8 ./Core/Src/system_stm32f4xx.o
                0x0000000008008b90                APBPrescTable
 .rodata.flagBitshiftOffset.0
                0x0000000008008b98        0x8 ./Drivers/STM32F4xx_HAL_Driver/Src/stm32f4xx_hal_dma.o
 .rodata.npio2_hw
                0x0000000008008ba0       0x80 c:/program files/stmicroelectronics/stm32cube/stm32cubeide_1.9.0/stm32cubeide/plugins/com.st.stm32cube.ide.mcu.externaltools.gnu-tools-for-stm32.10.3-2021.10.win32_1.0.0.202111181127/tools/bin/../lib/gcc/arm-none-eabi/10.3.1/../../../../arm-none-eabi/lib/thumb/v7e-m+fp/hard\libm.a(lib_a-e_rem_pio2.o)
 .rodata.two_over_pi
                0x0000000008008c20      0x108 c:/program files/stmicroelectronics/stm32cube/stm32cubeide_1.9.0/stm32cubeide/plugins/com.st.stm32cube.ide.mcu.externaltools.gnu-tools-for-stm32.10.3-2021.10.win32_1.0.0.202111181127/tools/bin/../lib/gcc/arm-none-eabi/10.3.1/../../../../arm-none-eabi/lib/thumb/v7e-m+fp/hard\libm.a(lib_a-e_rem_pio2.o)
 .rodata.PIo2   0x0000000008008d28       0x40 c:/program files/stmicroelectronics/stm32cube/stm32cubeide_1.9.0/stm32cubeide/plugins/com.st.stm32cube.ide.mcu.externaltools.gnu-tools-for-stm32.10.3-2021.10.win32_1.0.0.202111181127/tools/bin/../lib/gcc/arm-none-eabi/10.3.1/../../../../arm-none-eabi/lib/thumb/v7e-m+fp/hard\libm.a(lib_a-k_rem_pio2.o)
 .rodata.init_jk
                0x0000000008008d68       0x10 c:/program files/stmicroelectronics/stm32cube/stm32cubeide_1.9.0/stm32cubeide/plugins/com.st.stm32cube.ide.mcu.externaltools.gnu-tools-for-stm32.10.3-2021.10.win32_1.0.0.202111181127/tools/bin/../lib/gcc/arm-none-eabi/10.3.1/../../../../arm-none-eabi/lib/thumb/v7e-m+fp/hard\libm.a(lib_a-k_rem_pio2.o)
                0x0000000008008d78                . = ALIGN (0x4)

.ARM.extab      0x0000000008008d78        0x0
                0x0000000008008d78                . = ALIGN (0x4)
 *(.ARM.extab* .gnu.linkonce.armextab.*)
                0x0000000008008d78                . = ALIGN (0x4)

.ARM            0x0000000008008d78        0x8
                0x0000000008008d78                . = ALIGN (0x4)
                0x0000000008008d78                __exidx_start = .
 *(.ARM.exidx*)
 .ARM.exidx     0x0000000008008d78        0x8 c:/program files/stmicroelectronics/stm32cube/stm32cubeide_1.9.0/stm32cubeide/plugins/com.st.stm32cube.ide.mcu.externaltools.gnu-tools-for-stm32.10.3-2021.10.win32_1.0.0.202111181127/tools/bin/../lib/gcc/arm-none-eabi/10.3.1/thumb/v7e-m+fp/hard\libgcc.a(_udivmoddi4.o)
                0x0000000008008d80                __exidx_end = .
                0x0000000008008d80                . = ALIGN (0x4)

.rel.dyn        0x0000000008008d80        0x0
 .rel.iplt      0x0000000008008d80        0x0 c:/program files/stmicroelectronics/stm32cube/stm32cubeide_1.9.0/stm32cubeide/plugins/com.st.stm32cube.ide.mcu.externaltools.gnu-tools-for-stm32.10.3-2021.10.win32_1.0.0.202111181127/tools/bin/../lib/gcc/arm-none-eabi/10.3.1/thumb/v7e-m+fp/hard/crtbegin.o

.preinit_array  0x0000000008008d80        0x0
                0x0000000008008d80                . = ALIGN (0x4)
                0x0000000008008d80                PROVIDE (__preinit_array_start = .)
 *(.preinit_array*)
                0x0000000008008d80                PROVIDE (__preinit_array_end = .)
                0x0000000008008d80                . = ALIGN (0x4)

.init_array     0x0000000008008d80        0x4
                0x0000000008008d80                . = ALIGN (0x4)
                0x0000000008008d80                PROVIDE (__init_array_start = .)
 *(SORT_BY_NAME(.init_array.*))
 *(.init_array*)
 .init_array    0x0000000008008d80        0x4 c:/program files/stmicroelectronics/stm32cube/stm32cubeide_1.9.0/stm32cubeide/plugins/com.st.stm32cube.ide.mcu.externaltools.gnu-tools-for-stm32.10.3-2021.10.win32_1.0.0.202111181127/tools/bin/../lib/gcc/arm-none-eabi/10.3.1/thumb/v7e-m+fp/hard/crtbegin.o
                0x0000000008008d84                PROVIDE (__init_array_end = .)
                0x0000000008008d84                . = ALIGN (0x4)

.fini_array     0x0000000008008d84        0x4
                0x0000000008008d84                . = ALIGN (0x4)
                [!provide]                        PROVIDE (__fini_array_start = .)
 *(SORT_BY_NAME(.fini_array.*))
 *(.fini_array*)
 .fini_array    0x0000000008008d84        0x4 c:/program files/stmicroelectronics/stm32cube/stm32cubeide_1.9.0/stm32cubeide/plugins/com.st.stm32cube.ide.mcu.externaltools.gnu-tools-for-stm32.10.3-2021.10.win32_1.0.0.202111181127/tools/bin/../lib/gcc/arm-none-eabi/10.3.1/thumb/v7e-m+fp/hard/crtbegin.o
                [!provide]                        PROVIDE (__fini_array_end = .)
                0x0000000008008d88                . = ALIGN (0x4)
                0x0000000008008d88                _sidata = LOADADDR (.data)

.data           0x0000000020000000       0x10 load address 0x0000000008008d88
                0x0000000020000000                . = ALIGN (0x4)
                0x0000000020000000                _sdata = .
 *(.data)
 *(.data*)
 .data.READ_ENC_BUFF
                0x0000000020000000        0x2 ./Core/Src/main.o
                0x0000000020000000                READ_ENC_BUFF
 *fill*         0x0000000020000002        0x2 
 .data.SystemCoreClock
                0x0000000020000004        0x4 ./Core/Src/system_stm32f4xx.o
                0x0000000020000004                SystemCoreClock
 .data.uwTickPrio
                0x0000000020000008        0x4 ./Drivers/STM32F4xx_HAL_Driver/Src/stm32f4xx_hal.o
                0x0000000020000008                uwTickPrio
 .data.uwTickFreq
                0x000000002000000c        0x1 ./Drivers/STM32F4xx_HAL_Driver/Src/stm32f4xx_hal.o
                0x000000002000000c                uwTickFreq
 *(.RamFunc)
 *(.RamFunc*)
                0x0000000020000010                . = ALIGN (0x4)
 *fill*         0x000000002000000d        0x3 
                0x0000000020000010                _edata = .

.igot.plt       0x0000000020000010        0x0 load address 0x0000000008008d98
 .igot.plt      0x0000000020000010        0x0 c:/program files/stmicroelectronics/stm32cube/stm32cubeide_1.9.0/stm32cubeide/plugins/com.st.stm32cube.ide.mcu.externaltools.gnu-tools-for-stm32.10.3-2021.10.win32_1.0.0.202111181127/tools/bin/../lib/gcc/arm-none-eabi/10.3.1/thumb/v7e-m+fp/hard/crtbegin.o
                0x0000000020000010                . = ALIGN (0x4)

.bss            0x0000000020000010      0x438 load address 0x0000000008008d98
                0x0000000020000010                _sbss = .
                0x0000000020000010                __bss_start__ = _sbss
 *(.bss)
 .bss           0x0000000020000010       0x1c c:/program files/stmicroelectronics/stm32cube/stm32cubeide_1.9.0/stm32cubeide/plugins/com.st.stm32cube.ide.mcu.externaltools.gnu-tools-for-stm32.10.3-2021.10.win32_1.0.0.202111181127/tools/bin/../lib/gcc/arm-none-eabi/10.3.1/thumb/v7e-m+fp/hard/crtbegin.o
 *(.bss*)
 .bss.hadc1     0x000000002000002c       0x48 ./Core/Src/main.o
                0x000000002000002c                hadc1
 .bss.hadc2     0x0000000020000074       0x48 ./Core/Src/main.o
                0x0000000020000074                hadc2
 .bss.hadc3     0x00000000200000bc       0x48 ./Core/Src/main.o
                0x00000000200000bc                hadc3
 .bss.hdma_adc1
                0x0000000020000104       0x60 ./Core/Src/main.o
                0x0000000020000104                hdma_adc1
 .bss.hdma_adc2
                0x0000000020000164       0x60 ./Core/Src/main.o
                0x0000000020000164                hdma_adc2
 .bss.hdma_adc3
                0x00000000200001c4       0x60 ./Core/Src/main.o
                0x00000000200001c4                hdma_adc3
 .bss.hspi1     0x0000000020000224       0x58 ./Core/Src/main.o
                0x0000000020000224                hspi1
 .bss.hspi2     0x000000002000027c       0x58 ./Core/Src/main.o
                0x000000002000027c                hspi2
 .bss.hdma_spi1_rx
                0x00000000200002d4       0x60 ./Core/Src/main.o
                0x00000000200002d4                hdma_spi1_rx
 .bss.htim1     0x0000000020000334       0x48 ./Core/Src/main.o
                0x0000000020000334                htim1
 .bss.htim6     0x000000002000037c       0x48 ./Core/Src/main.o
                0x000000002000037c                htim6
 .bss.huart2    0x00000000200003c4       0x44 ./Core/Src/main.o
                0x00000000200003c4                huart2
 .bss.Va        0x0000000020000408        0x8 ./Core/Src/main.o
                0x0000000020000408                Va
 .bss.Vb        0x0000000020000410        0x8 ./Core/Src/main.o
                0x0000000020000410                Vb
 .bss.Vc        0x0000000020000418        0x8 ./Core/Src/main.o
                0x0000000020000418                Vc
 .bss.enc_data  0x0000000020000420        0x2 ./Core/Src/main.o
                0x0000000020000420                enc_data
 *fill*         0x0000000020000422        0x2 
 .bss.elec_angle
                0x0000000020000424        0x4 ./Core/Src/main.o
                0x0000000020000424                elec_angle
 .bss.tmp_angle
                0x0000000020000428        0x2 ./Core/Src/main.o
                0x0000000020000428                tmp_angle
 *fill*         0x000000002000042a        0x2 
 .bss.Iabc      0x000000002000042c        0xc ./Core/Src/main.o
                0x000000002000042c                Iabc
 .bss.adc_offset
                0x0000000020000438        0x6 ./Core/Src/main.o
                0x0000000020000438                adc_offset
 .bss.i_ph1     0x000000002000043e        0x2 ./Core/Src/main.o
                0x000000002000043e                i_ph1
 .bss.i_ph2     0x0000000020000440        0x2 ./Core/Src/main.o
                0x0000000020000440                i_ph2
 .bss.i_ph3     0x0000000020000442        0x2 ./Core/Src/main.o
                0x0000000020000442                i_ph3
 .bss.uwTick    0x0000000020000444        0x4 ./Drivers/STM32F4xx_HAL_Driver/Src/stm32f4xx_hal.o
                0x0000000020000444                uwTick
 *(COMMON)
                0x0000000020000448                . = ALIGN (0x4)
                0x0000000020000448                _ebss = .
                0x0000000020000448                __bss_end__ = _ebss

._user_heap_stack
                0x0000000020000448      0x600 load address 0x0000000008008d98
                0x0000000020000448                . = ALIGN (0x8)
                [!provide]                        PROVIDE (end = .)
                0x0000000020000448                PROVIDE (_end = .)
                0x0000000020000648                . = (. + _Min_Heap_Size)
 *fill*         0x0000000020000448      0x200 
                0x0000000020000a48                . = (. + _Min_Stack_Size)
 *fill*         0x0000000020000648      0x400 
                0x0000000020000a48                . = ALIGN (0x8)

/DISCARD/
 libc.a(*)
 libm.a(*)
 libgcc.a(*)

.ARM.attributes
                0x0000000000000000       0x30
 *(.ARM.attributes)
 .ARM.attributes
                0x0000000000000000       0x1e c:/program files/stmicroelectronics/stm32cube/stm32cubeide_1.9.0/stm32cubeide/plugins/com.st.stm32cube.ide.mcu.externaltools.gnu-tools-for-stm32.10.3-2021.10.win32_1.0.0.202111181127/tools/bin/../lib/gcc/arm-none-eabi/10.3.1/thumb/v7e-m+fp/hard/crti.o
 .ARM.attributes
                0x000000000000001e       0x34 c:/program files/stmicroelectronics/stm32cube/stm32cubeide_1.9.0/stm32cubeide/plugins/com.st.stm32cube.ide.mcu.externaltools.gnu-tools-for-stm32.10.3-2021.10.win32_1.0.0.202111181127/tools/bin/../lib/gcc/arm-none-eabi/10.3.1/thumb/v7e-m+fp/hard/crtbegin.o
 .ARM.attributes
                0x0000000000000052       0x34 ./Core/Src/main.o
 .ARM.attributes
                0x0000000000000086       0x34 ./Core/Src/stm32f4xx_hal_msp.o
 .ARM.attributes
                0x00000000000000ba       0x34 ./Core/Src/stm32f4xx_it.o
 .ARM.attributes
                0x00000000000000ee       0x34 ./Core/Src/system_stm32f4xx.o
 .ARM.attributes
                0x0000000000000122       0x21 ./Core/Startup/startup_stm32f446retx.o
 .ARM.attributes
                0x0000000000000143       0x34 ./Drivers/STM32F4xx_HAL_Driver/Src/stm32f4xx_hal.o
 .ARM.attributes
                0x0000000000000177       0x34 ./Drivers/STM32F4xx_HAL_Driver/Src/stm32f4xx_hal_adc.o
 .ARM.attributes
                0x00000000000001ab       0x34 ./Drivers/STM32F4xx_HAL_Driver/Src/stm32f4xx_hal_cortex.o
 .ARM.attributes
                0x00000000000001df       0x34 ./Drivers/STM32F4xx_HAL_Driver/Src/stm32f4xx_hal_dma.o
 .ARM.attributes
                0x0000000000000213       0x34 ./Drivers/STM32F4xx_HAL_Driver/Src/stm32f4xx_hal_gpio.o
 .ARM.attributes
                0x0000000000000247       0x34 ./Drivers/STM32F4xx_HAL_Driver/Src/stm32f4xx_hal_pwr_ex.o
 .ARM.attributes
                0x000000000000027b       0x34 ./Drivers/STM32F4xx_HAL_Driver/Src/stm32f4xx_hal_rcc.o
 .ARM.attributes
                0x00000000000002af       0x34 ./Drivers/STM32F4xx_HAL_Driver/Src/stm32f4xx_hal_rcc_ex.o
 .ARM.attributes
                0x00000000000002e3       0x34 ./Drivers/STM32F4xx_HAL_Driver/Src/stm32f4xx_hal_spi.o
 .ARM.attributes
                0x0000000000000317       0x34 ./Drivers/STM32F4xx_HAL_Driver/Src/stm32f4xx_hal_tim.o
 .ARM.attributes
                0x000000000000034b       0x34 ./Drivers/STM32F4xx_HAL_Driver/Src/stm32f4xx_hal_tim_ex.o
 .ARM.attributes
                0x000000000000037f       0x34 ./Drivers/STM32F4xx_HAL_Driver/Src/stm32f4xx_hal_uart.o
 .ARM.attributes
                0x00000000000003b3       0x34 c:/program files/stmicroelectronics/stm32cube/stm32cubeide_1.9.0/stm32cubeide/plugins/com.st.stm32cube.ide.mcu.externaltools.gnu-tools-for-stm32.10.3-2021.10.win32_1.0.0.202111181127/tools/bin/../lib/gcc/arm-none-eabi/10.3.1/../../../../arm-none-eabi/lib/thumb/v7e-m+fp/hard\libm.a(lib_a-s_ceil.o)
 .ARM.attributes
                0x00000000000003e7       0x34 c:/program files/stmicroelectronics/stm32cube/stm32cubeide_1.9.0/stm32cubeide/plugins/com.st.stm32cube.ide.mcu.externaltools.gnu-tools-for-stm32.10.3-2021.10.win32_1.0.0.202111181127/tools/bin/../lib/gcc/arm-none-eabi/10.3.1/../../../../arm-none-eabi/lib/thumb/v7e-m+fp/hard\libm.a(lib_a-s_sin.o)
 .ARM.attributes
                0x000000000000041b       0x34 c:/program files/stmicroelectronics/stm32cube/stm32cubeide_1.9.0/stm32cubeide/plugins/com.st.stm32cube.ide.mcu.externaltools.gnu-tools-for-stm32.10.3-2021.10.win32_1.0.0.202111181127/tools/bin/../lib/gcc/arm-none-eabi/10.3.1/../../../../arm-none-eabi/lib/thumb/v7e-m+fp/hard\libm.a(lib_a-e_rem_pio2.o)
 .ARM.attributes
                0x000000000000044f       0x34 c:/program files/stmicroelectronics/stm32cube/stm32cubeide_1.9.0/stm32cubeide/plugins/com.st.stm32cube.ide.mcu.externaltools.gnu-tools-for-stm32.10.3-2021.10.win32_1.0.0.202111181127/tools/bin/../lib/gcc/arm-none-eabi/10.3.1/../../../../arm-none-eabi/lib/thumb/v7e-m+fp/hard\libm.a(lib_a-k_cos.o)
 .ARM.attributes
                0x0000000000000483       0x34 c:/program files/stmicroelectronics/stm32cube/stm32cubeide_1.9.0/stm32cubeide/plugins/com.st.stm32cube.ide.mcu.externaltools.gnu-tools-for-stm32.10.3-2021.10.win32_1.0.0.202111181127/tools/bin/../lib/gcc/arm-none-eabi/10.3.1/../../../../arm-none-eabi/lib/thumb/v7e-m+fp/hard\libm.a(lib_a-k_rem_pio2.o)
 .ARM.attributes
                0x00000000000004b7       0x34 c:/program files/stmicroelectronics/stm32cube/stm32cubeide_1.9.0/stm32cubeide/plugins/com.st.stm32cube.ide.mcu.externaltools.gnu-tools-for-stm32.10.3-2021.10.win32_1.0.0.202111181127/tools/bin/../lib/gcc/arm-none-eabi/10.3.1/../../../../arm-none-eabi/lib/thumb/v7e-m+fp/hard\libm.a(lib_a-k_sin.o)
 .ARM.attributes
                0x00000000000004eb       0x34 c:/program files/stmicroelectronics/stm32cube/stm32cubeide_1.9.0/stm32cubeide/plugins/com.st.stm32cube.ide.mcu.externaltools.gnu-tools-for-stm32.10.3-2021.10.win32_1.0.0.202111181127/tools/bin/../lib/gcc/arm-none-eabi/10.3.1/../../../../arm-none-eabi/lib/thumb/v7e-m+fp/hard\libm.a(lib_a-s_fabs.o)
 .ARM.attributes
                0x000000000000051f       0x34 c:/program files/stmicroelectronics/stm32cube/stm32cubeide_1.9.0/stm32cubeide/plugins/com.st.stm32cube.ide.mcu.externaltools.gnu-tools-for-stm32.10.3-2021.10.win32_1.0.0.202111181127/tools/bin/../lib/gcc/arm-none-eabi/10.3.1/../../../../arm-none-eabi/lib/thumb/v7e-m+fp/hard\libm.a(lib_a-s_floor.o)
 .ARM.attributes
                0x0000000000000553       0x34 c:/program files/stmicroelectronics/stm32cube/stm32cubeide_1.9.0/stm32cubeide/plugins/com.st.stm32cube.ide.mcu.externaltools.gnu-tools-for-stm32.10.3-2021.10.win32_1.0.0.202111181127/tools/bin/../lib/gcc/arm-none-eabi/10.3.1/../../../../arm-none-eabi/lib/thumb/v7e-m+fp/hard\libm.a(lib_a-s_scalbn.o)
 .ARM.attributes
                0x0000000000000587       0x34 c:/program files/stmicroelectronics/stm32cube/stm32cubeide_1.9.0/stm32cubeide/plugins/com.st.stm32cube.ide.mcu.externaltools.gnu-tools-for-stm32.10.3-2021.10.win32_1.0.0.202111181127/tools/bin/../lib/gcc/arm-none-eabi/10.3.1/../../../../arm-none-eabi/lib/thumb/v7e-m+fp/hard\libc_nano.a(lib_a-init.o)
 .ARM.attributes
                0x00000000000005bb       0x34 c:/program files/stmicroelectronics/stm32cube/stm32cubeide_1.9.0/stm32cubeide/plugins/com.st.stm32cube.ide.mcu.externaltools.gnu-tools-for-stm32.10.3-2021.10.win32_1.0.0.202111181127/tools/bin/../lib/gcc/arm-none-eabi/10.3.1/../../../../arm-none-eabi/lib/thumb/v7e-m+fp/hard\libc_nano.a(lib_a-memset.o)
 .ARM.attributes
                0x00000000000005ef       0x1e c:/program files/stmicroelectronics/stm32cube/stm32cubeide_1.9.0/stm32cubeide/plugins/com.st.stm32cube.ide.mcu.externaltools.gnu-tools-for-stm32.10.3-2021.10.win32_1.0.0.202111181127/tools/bin/../lib/gcc/arm-none-eabi/10.3.1/thumb/v7e-m+fp/hard\libgcc.a(_arm_addsubdf3.o)
 .ARM.attributes
                0x000000000000060d       0x1e c:/program files/stmicroelectronics/stm32cube/stm32cubeide_1.9.0/stm32cubeide/plugins/com.st.stm32cube.ide.mcu.externaltools.gnu-tools-for-stm32.10.3-2021.10.win32_1.0.0.202111181127/tools/bin/../lib/gcc/arm-none-eabi/10.3.1/thumb/v7e-m+fp/hard\libgcc.a(_arm_muldivdf3.o)
 .ARM.attributes
                0x000000000000062b       0x1e c:/program files/stmicroelectronics/stm32cube/stm32cubeide_1.9.0/stm32cubeide/plugins/com.st.stm32cube.ide.mcu.externaltools.gnu-tools-for-stm32.10.3-2021.10.win32_1.0.0.202111181127/tools/bin/../lib/gcc/arm-none-eabi/10.3.1/thumb/v7e-m+fp/hard\libgcc.a(_arm_cmpdf2.o)
 .ARM.attributes
                0x0000000000000649       0x1e c:/program files/stmicroelectronics/stm32cube/stm32cubeide_1.9.0/stm32cubeide/plugins/com.st.stm32cube.ide.mcu.externaltools.gnu-tools-for-stm32.10.3-2021.10.win32_1.0.0.202111181127/tools/bin/../lib/gcc/arm-none-eabi/10.3.1/thumb/v7e-m+fp/hard\libgcc.a(_arm_fixdfsi.o)
 .ARM.attributes
                0x0000000000000667       0x1e c:/program files/stmicroelectronics/stm32cube/stm32cubeide_1.9.0/stm32cubeide/plugins/com.st.stm32cube.ide.mcu.externaltools.gnu-tools-for-stm32.10.3-2021.10.win32_1.0.0.202111181127/tools/bin/../lib/gcc/arm-none-eabi/10.3.1/thumb/v7e-m+fp/hard\libgcc.a(_arm_fixunsdfsi.o)
 .ARM.attributes
                0x0000000000000685       0x1e c:/program files/stmicroelectronics/stm32cube/stm32cubeide_1.9.0/stm32cubeide/plugins/com.st.stm32cube.ide.mcu.externaltools.gnu-tools-for-stm32.10.3-2021.10.win32_1.0.0.202111181127/tools/bin/../lib/gcc/arm-none-eabi/10.3.1/thumb/v7e-m+fp/hard\libgcc.a(_arm_truncdfsf2.o)
 .ARM.attributes
                0x00000000000006a3       0x1e c:/program files/stmicroelectronics/stm32cube/stm32cubeide_1.9.0/stm32cubeide/plugins/com.st.stm32cube.ide.mcu.externaltools.gnu-tools-for-stm32.10.3-2021.10.win32_1.0.0.202111181127/tools/bin/../lib/gcc/arm-none-eabi/10.3.1/thumb/v7e-m+fp/hard\libgcc.a(_aeabi_uldivmod.o)
 .ARM.attributes
                0x00000000000006c1       0x34 c:/program files/stmicroelectronics/stm32cube/stm32cubeide_1.9.0/stm32cubeide/plugins/com.st.stm32cube.ide.mcu.externaltools.gnu-tools-for-stm32.10.3-2021.10.win32_1.0.0.202111181127/tools/bin/../lib/gcc/arm-none-eabi/10.3.1/thumb/v7e-m+fp/hard\libgcc.a(_udivmoddi4.o)
 .ARM.attributes
                0x00000000000006f5       0x1e c:/program files/stmicroelectronics/stm32cube/stm32cubeide_1.9.0/stm32cubeide/plugins/com.st.stm32cube.ide.mcu.externaltools.gnu-tools-for-stm32.10.3-2021.10.win32_1.0.0.202111181127/tools/bin/../lib/gcc/arm-none-eabi/10.3.1/thumb/v7e-m+fp/hard\libgcc.a(_dvmd_tls.o)
 .ARM.attributes
                0x0000000000000713       0x1e c:/program files/stmicroelectronics/stm32cube/stm32cubeide_1.9.0/stm32cubeide/plugins/com.st.stm32cube.ide.mcu.externaltools.gnu-tools-for-stm32.10.3-2021.10.win32_1.0.0.202111181127/tools/bin/../lib/gcc/arm-none-eabi/10.3.1/thumb/v7e-m+fp/hard/crtn.o
OUTPUT(SpaceVector.elf elf32-littlearm)
LOAD linker stubs
LOAD c:/program files/stmicroelectronics/stm32cube/stm32cubeide_1.9.0/stm32cubeide/plugins/com.st.stm32cube.ide.mcu.externaltools.gnu-tools-for-stm32.10.3-2021.10.win32_1.0.0.202111181127/tools/bin/../lib/gcc/arm-none-eabi/10.3.1/../../../../arm-none-eabi/lib/thumb/v7e-m+fp/hard\libc.a
LOAD c:/program files/stmicroelectronics/stm32cube/stm32cubeide_1.9.0/stm32cubeide/plugins/com.st.stm32cube.ide.mcu.externaltools.gnu-tools-for-stm32.10.3-2021.10.win32_1.0.0.202111181127/tools/bin/../lib/gcc/arm-none-eabi/10.3.1/../../../../arm-none-eabi/lib/thumb/v7e-m+fp/hard\libm.a
LOAD c:/program files/stmicroelectronics/stm32cube/stm32cubeide_1.9.0/stm32cubeide/plugins/com.st.stm32cube.ide.mcu.externaltools.gnu-tools-for-stm32.10.3-2021.10.win32_1.0.0.202111181127/tools/bin/../lib/gcc/arm-none-eabi/10.3.1/thumb/v7e-m+fp/hard\libgcc.a

.debug_info     0x0000000000000000    0x12dc8
 .debug_info    0x0000000000000000     0x23c3 ./Core/Src/main.o
 .debug_info    0x00000000000023c3     0x17ea ./Core/Src/stm32f4xx_hal_msp.o
 .debug_info    0x0000000000003bad     0x10cb ./Core/Src/stm32f4xx_it.o
 .debug_info    0x0000000000004c78      0x55b ./Core/Src/system_stm32f4xx.o
 .debug_info    0x00000000000051d3       0x22 ./Core/Startup/startup_stm32f446retx.o
 .debug_info    0x00000000000051f5      0x9d2 ./Drivers/STM32F4xx_HAL_Driver/Src/stm32f4xx_hal.o
 .debug_info    0x0000000000005bc7      0xd70 ./Drivers/STM32F4xx_HAL_Driver/Src/stm32f4xx_hal_adc.o
 .debug_info    0x0000000000006937      0xe39 ./Drivers/STM32F4xx_HAL_Driver/Src/stm32f4xx_hal_cortex.o
 .debug_info    0x0000000000007770      0x94f ./Drivers/STM32F4xx_HAL_Driver/Src/stm32f4xx_hal_dma.o
 .debug_info    0x00000000000080bf      0x7be ./Drivers/STM32F4xx_HAL_Driver/Src/stm32f4xx_hal_gpio.o
 .debug_info    0x000000000000887d      0x702 ./Drivers/STM32F4xx_HAL_Driver/Src/stm32f4xx_hal_pwr_ex.o
 .debug_info    0x0000000000008f7f      0x9ab ./Drivers/STM32F4xx_HAL_Driver/Src/stm32f4xx_hal_rcc.o
 .debug_info    0x000000000000992a      0x9ec ./Drivers/STM32F4xx_HAL_Driver/Src/stm32f4xx_hal_rcc_ex.o
 .debug_info    0x000000000000a316     0x1758 ./Drivers/STM32F4xx_HAL_Driver/Src/stm32f4xx_hal_spi.o
 .debug_info    0x000000000000ba6e     0x2bbe ./Drivers/STM32F4xx_HAL_Driver/Src/stm32f4xx_hal_tim.o
 .debug_info    0x000000000000e62c     0x15e0 ./Drivers/STM32F4xx_HAL_Driver/Src/stm32f4xx_hal_tim_ex.o
 .debug_info    0x000000000000fc0c     0x31bc ./Drivers/STM32F4xx_HAL_Driver/Src/stm32f4xx_hal_uart.o

.debug_abbrev   0x0000000000000000     0x253c
 .debug_abbrev  0x0000000000000000      0x3d5 ./Core/Src/main.o
 .debug_abbrev  0x00000000000003d5      0x247 ./Core/Src/stm32f4xx_hal_msp.o
 .debug_abbrev  0x000000000000061c      0x1e0 ./Core/Src/stm32f4xx_it.o
 .debug_abbrev  0x00000000000007fc      0x116 ./Core/Src/system_stm32f4xx.o
 .debug_abbrev  0x0000000000000912       0x12 ./Core/Startup/startup_stm32f446retx.o
 .debug_abbrev  0x0000000000000924      0x20d ./Drivers/STM32F4xx_HAL_Driver/Src/stm32f4xx_hal.o
 .debug_abbrev  0x0000000000000b31      0x244 ./Drivers/STM32F4xx_HAL_Driver/Src/stm32f4xx_hal_adc.o
 .debug_abbrev  0x0000000000000d75      0x316 ./Drivers/STM32F4xx_HAL_Driver/Src/stm32f4xx_hal_cortex.o
 .debug_abbrev  0x000000000000108b      0x25b ./Drivers/STM32F4xx_HAL_Driver/Src/stm32f4xx_hal_dma.o
 .debug_abbrev  0x00000000000012e6      0x1c4 ./Drivers/STM32F4xx_HAL_Driver/Src/stm32f4xx_hal_gpio.o
 .debug_abbrev  0x00000000000014aa      0x1c9 ./Drivers/STM32F4xx_HAL_Driver/Src/stm32f4xx_hal_pwr_ex.o
 .debug_abbrev  0x0000000000001673      0x2aa ./Drivers/STM32F4xx_HAL_Driver/Src/stm32f4xx_hal_rcc.o
 .debug_abbrev  0x000000000000191d      0x1fb ./Drivers/STM32F4xx_HAL_Driver/Src/stm32f4xx_hal_rcc_ex.o
 .debug_abbrev  0x0000000000001b18      0x26e ./Drivers/STM32F4xx_HAL_Driver/Src/stm32f4xx_hal_spi.o
 .debug_abbrev  0x0000000000001d86      0x25d ./Drivers/STM32F4xx_HAL_Driver/Src/stm32f4xx_hal_tim.o
 .debug_abbrev  0x0000000000001fe3      0x265 ./Drivers/STM32F4xx_HAL_Driver/Src/stm32f4xx_hal_tim_ex.o
 .debug_abbrev  0x0000000000002248      0x2f4 ./Drivers/STM32F4xx_HAL_Driver/Src/stm32f4xx_hal_uart.o

.debug_aranges  0x0000000000000000     0x1088
 .debug_aranges
                0x0000000000000000       0xf8 ./Core/Src/main.o
 .debug_aranges
                0x00000000000000f8       0x68 ./Core/Src/stm32f4xx_hal_msp.o
 .debug_aranges
                0x0000000000000160       0x98 ./Core/Src/stm32f4xx_it.o
 .debug_aranges
                0x00000000000001f8       0x28 ./Core/Src/system_stm32f4xx.o
 .debug_aranges
                0x0000000000000220       0x28 ./Core/Startup/startup_stm32f446retx.o
 .debug_aranges
                0x0000000000000248       0xf0 ./Drivers/STM32F4xx_HAL_Driver/Src/stm32f4xx_hal.o
 .debug_aranges
                0x0000000000000338       0xe8 ./Drivers/STM32F4xx_HAL_Driver/Src/stm32f4xx_hal_adc.o
 .debug_aranges
                0x0000000000000420      0x118 ./Drivers/STM32F4xx_HAL_Driver/Src/stm32f4xx_hal_cortex.o
 .debug_aranges
                0x0000000000000538       0x90 ./Drivers/STM32F4xx_HAL_Driver/Src/stm32f4xx_hal_dma.o
 .debug_aranges
                0x00000000000005c8       0x58 ./Drivers/STM32F4xx_HAL_Driver/Src/stm32f4xx_hal_gpio.o
 .debug_aranges
                0x0000000000000620       0x60 ./Drivers/STM32F4xx_HAL_Driver/Src/stm32f4xx_hal_pwr_ex.o
 .debug_aranges
                0x0000000000000680       0x88 ./Drivers/STM32F4xx_HAL_Driver/Src/stm32f4xx_hal_rcc.o
 .debug_aranges
                0x0000000000000708       0x78 ./Drivers/STM32F4xx_HAL_Driver/Src/stm32f4xx_hal_rcc_ex.o
 .debug_aranges
                0x0000000000000780      0x1d0 ./Drivers/STM32F4xx_HAL_Driver/Src/stm32f4xx_hal_spi.o
 .debug_aranges
                0x0000000000000950      0x3d0 ./Drivers/STM32F4xx_HAL_Driver/Src/stm32f4xx_hal_tim.o
 .debug_aranges
                0x0000000000000d20      0x168 ./Drivers/STM32F4xx_HAL_Driver/Src/stm32f4xx_hal_tim_ex.o
 .debug_aranges
                0x0000000000000e88      0x200 ./Drivers/STM32F4xx_HAL_Driver/Src/stm32f4xx_hal_uart.o

.debug_ranges   0x0000000000000000      0xfb0
 .debug_ranges  0x0000000000000000       0xe8 ./Core/Src/main.o
 .debug_ranges  0x00000000000000e8       0x58 ./Core/Src/stm32f4xx_hal_msp.o
 .debug_ranges  0x0000000000000140       0x88 ./Core/Src/stm32f4xx_it.o
 .debug_ranges  0x00000000000001c8       0x18 ./Core/Src/system_stm32f4xx.o
 .debug_ranges  0x00000000000001e0       0x20 ./Core/Startup/startup_stm32f446retx.o
 .debug_ranges  0x0000000000000200       0xe0 ./Drivers/STM32F4xx_HAL_Driver/Src/stm32f4xx_hal.o
 .debug_ranges  0x00000000000002e0       0xd8 ./Drivers/STM32F4xx_HAL_Driver/Src/stm32f4xx_hal_adc.o
 .debug_ranges  0x00000000000003b8      0x108 ./Drivers/STM32F4xx_HAL_Driver/Src/stm32f4xx_hal_cortex.o
 .debug_ranges  0x00000000000004c0       0x80 ./Drivers/STM32F4xx_HAL_Driver/Src/stm32f4xx_hal_dma.o
 .debug_ranges  0x0000000000000540       0x48 ./Drivers/STM32F4xx_HAL_Driver/Src/stm32f4xx_hal_gpio.o
 .debug_ranges  0x0000000000000588       0x50 ./Drivers/STM32F4xx_HAL_Driver/Src/stm32f4xx_hal_pwr_ex.o
 .debug_ranges  0x00000000000005d8       0x78 ./Drivers/STM32F4xx_HAL_Driver/Src/stm32f4xx_hal_rcc.o
 .debug_ranges  0x0000000000000650       0x68 ./Drivers/STM32F4xx_HAL_Driver/Src/stm32f4xx_hal_rcc_ex.o
 .debug_ranges  0x00000000000006b8      0x1c0 ./Drivers/STM32F4xx_HAL_Driver/Src/stm32f4xx_hal_spi.o
 .debug_ranges  0x0000000000000878      0x3c0 ./Drivers/STM32F4xx_HAL_Driver/Src/stm32f4xx_hal_tim.o
 .debug_ranges  0x0000000000000c38      0x158 ./Drivers/STM32F4xx_HAL_Driver/Src/stm32f4xx_hal_tim_ex.o
 .debug_ranges  0x0000000000000d90      0x220 ./Drivers/STM32F4xx_HAL_Driver/Src/stm32f4xx_hal_uart.o

.debug_macro    0x0000000000000000    0x23bc4
 .debug_macro   0x0000000000000000      0x381 ./Core/Src/main.o
 .debug_macro   0x0000000000000381      0xa78 ./Core/Src/main.o
 .debug_macro   0x0000000000000df9      0x2a7 ./Core/Src/main.o
 .debug_macro   0x00000000000010a0       0x2e ./Core/Src/main.o
 .debug_macro   0x00000000000010ce       0x28 ./Core/Src/main.o
 .debug_macro   0x00000000000010f6       0x22 ./Core/Src/main.o
 .debug_macro   0x0000000000001118       0x8e ./Core/Src/main.o
 .debug_macro   0x00000000000011a6       0x51 ./Core/Src/main.o
 .debug_macro   0x00000000000011f7      0x103 ./Core/Src/main.o
 .debug_macro   0x00000000000012fa       0x6a ./Core/Src/main.o
 .debug_macro   0x0000000000001364      0x1df ./Core/Src/main.o
 .debug_macro   0x0000000000001543       0x1c ./Core/Src/main.o
 .debug_macro   0x000000000000155f       0x22 ./Core/Src/main.o
 .debug_macro   0x0000000000001581       0xd9 ./Core/Src/main.o
 .debug_macro   0x000000000000165a     0x102d ./Core/Src/main.o
 .debug_macro   0x0000000000002687      0x11f ./Core/Src/main.o
 .debug_macro   0x00000000000027a6    0x16749 ./Core/Src/main.o
 .debug_macro   0x0000000000018eef       0x6d ./Core/Src/main.o
 .debug_macro   0x0000000000018f5c     0x367e ./Core/Src/main.o
 .debug_macro   0x000000000001c5da      0x174 ./Core/Src/main.o
 .debug_macro   0x000000000001c74e       0x5c ./Core/Src/main.o
 .debug_macro   0x000000000001c7aa      0xc90 ./Core/Src/main.o
 .debug_macro   0x000000000001d43a      0x9fe ./Core/Src/main.o
 .debug_macro   0x000000000001de38      0x115 ./Core/Src/main.o
 .debug_macro   0x000000000001df4d      0x1a0 ./Core/Src/main.o
 .debug_macro   0x000000000001e0ed       0xa5 ./Core/Src/main.o
 .debug_macro   0x000000000001e192      0x16d ./Core/Src/main.o
 .debug_macro   0x000000000001e2ff      0x287 ./Core/Src/main.o
 .debug_macro   0x000000000001e586       0x5f ./Core/Src/main.o
 .debug_macro   0x000000000001e5e5      0x236 ./Core/Src/main.o
 .debug_macro   0x000000000001e81b      0xb5b ./Core/Src/main.o
 .debug_macro   0x000000000001f376      0x38b ./Core/Src/main.o
 .debug_macro   0x000000000001f701      0x17d ./Core/Src/main.o
 .debug_macro   0x000000000001f87e       0xf9 ./Core/Src/main.o
 .debug_macro   0x000000000001f977      0x132 ./Core/Src/main.o
 .debug_macro   0x000000000001faa9      0x29c ./Core/Src/main.o
 .debug_macro   0x000000000001fd45       0x2e ./Core/Src/main.o
 .debug_macro   0x000000000001fd73      0x11a ./Core/Src/main.o
 .debug_macro   0x000000000001fe8d       0xe8 ./Core/Src/main.o
 .debug_macro   0x000000000001ff75       0x89 ./Core/Src/main.o
 .debug_macro   0x000000000001fffe      0x225 ./Core/Src/main.o
 .debug_macro   0x0000000000020223      0x8e6 ./Core/Src/main.o
 .debug_macro   0x0000000000020b09       0x4d ./Core/Src/main.o
 .debug_macro   0x0000000000020b56      0x295 ./Core/Src/main.o
 .debug_macro   0x0000000000020deb      0x126 ./Core/Src/main.o
 .debug_macro   0x0000000000020f11      0x183 ./Core/Src/main.o
 .debug_macro   0x0000000000021094       0x52 ./Core/Src/main.o
 .debug_macro   0x00000000000210e6       0x1e ./Core/Src/main.o
 .debug_macro   0x0000000000021104       0x3c ./Core/Src/main.o
 .debug_macro   0x0000000000021140       0x34 ./Core/Src/main.o
 .debug_macro   0x0000000000021174       0x16 ./Core/Src/main.o
 .debug_macro   0x000000000002118a       0x35 ./Core/Src/main.o
 .debug_macro   0x00000000000211bf      0x341 ./Core/Src/main.o
 .debug_macro   0x0000000000021500       0x10 ./Core/Src/main.o
 .debug_macro   0x0000000000021510       0x16 ./Core/Src/main.o
 .debug_macro   0x0000000000021526       0x43 ./Core/Src/main.o
 .debug_macro   0x0000000000021569       0x34 ./Core/Src/main.o
 .debug_macro   0x000000000002159d       0x10 ./Core/Src/main.o
 .debug_macro   0x00000000000215ad       0x58 ./Core/Src/main.o
 .debug_macro   0x0000000000021605       0x71 ./Core/Src/main.o
 .debug_macro   0x0000000000021676       0x1c ./Core/Src/main.o
 .debug_macro   0x0000000000021692      0x12a ./Core/Src/main.o
 .debug_macro   0x00000000000217bc       0x10 ./Core/Src/main.o
 .debug_macro   0x00000000000217cc       0x1c ./Core/Src/main.o
 .debug_macro   0x00000000000217e8       0x52 ./Core/Src/main.o
 .debug_macro   0x000000000002183a       0x22 ./Core/Src/main.o
 .debug_macro   0x000000000002185c       0x10 ./Core/Src/main.o
 .debug_macro   0x000000000002186c       0x52 ./Core/Src/main.o
 .debug_macro   0x00000000000218be       0xd5 ./Core/Src/main.o
 .debug_macro   0x0000000000021993       0x1c ./Core/Src/main.o
 .debug_macro   0x00000000000219af       0x3d ./Core/Src/main.o
 .debug_macro   0x00000000000219ec       0x16 ./Core/Src/main.o
 .debug_macro   0x0000000000021a02      0x145 ./Core/Src/main.o
 .debug_macro   0x0000000000021b47      0x19b ./Core/Src/main.o
 .debug_macro   0x0000000000021ce2      0x20f ./Core/Src/stm32f4xx_hal_msp.o
 .debug_macro   0x0000000000021ef1      0x219 ./Core/Src/stm32f4xx_it.o
 .debug_macro   0x000000000002210a      0x200 ./Core/Src/system_stm32f4xx.o
 .debug_macro   0x000000000002230a      0x260 ./Drivers/STM32F4xx_HAL_Driver/Src/stm32f4xx_hal.o
 .debug_macro   0x000000000002256a      0x201 ./Drivers/STM32F4xx_HAL_Driver/Src/stm32f4xx_hal_adc.o
 .debug_macro   0x000000000002276b      0x200 ./Drivers/STM32F4xx_HAL_Driver/Src/stm32f4xx_hal_cortex.o
 .debug_macro   0x000000000002296b      0x206 ./Drivers/STM32F4xx_HAL_Driver/Src/stm32f4xx_hal_dma.o
 .debug_macro   0x0000000000022b71      0x206 ./Drivers/STM32F4xx_HAL_Driver/Src/stm32f4xx_hal_gpio.o
 .debug_macro   0x0000000000022d77      0x218 ./Drivers/STM32F4xx_HAL_Driver/Src/stm32f4xx_hal_pwr_ex.o
 .debug_macro   0x0000000000022f8f      0x224 ./Drivers/STM32F4xx_HAL_Driver/Src/stm32f4xx_hal_rcc.o
 .debug_macro   0x00000000000231b3      0x200 ./Drivers/STM32F4xx_HAL_Driver/Src/stm32f4xx_hal_rcc_ex.o
 .debug_macro   0x00000000000233b3      0x20f ./Drivers/STM32F4xx_HAL_Driver/Src/stm32f4xx_hal_spi.o
 .debug_macro   0x00000000000235c2      0x201 ./Drivers/STM32F4xx_HAL_Driver/Src/stm32f4xx_hal_tim.o
 .debug_macro   0x00000000000237c3      0x200 ./Drivers/STM32F4xx_HAL_Driver/Src/stm32f4xx_hal_tim_ex.o
 .debug_macro   0x00000000000239c3      0x201 ./Drivers/STM32F4xx_HAL_Driver/Src/stm32f4xx_hal_uart.o

.debug_line     0x0000000000000000    0x144c6
 .debug_line    0x0000000000000000     0x11ae ./Core/Src/main.o
 .debug_line    0x00000000000011ae      0xae0 ./Core/Src/stm32f4xx_hal_msp.o
 .debug_line    0x0000000000001c8e      0x9f4 ./Core/Src/stm32f4xx_it.o
 .debug_line    0x0000000000002682      0x8c7 ./Core/Src/system_stm32f4xx.o
 .debug_line    0x0000000000002f49       0x88 ./Core/Startup/startup_stm32f446retx.o
 .debug_line    0x0000000000002fd1      0xb2d ./Drivers/STM32F4xx_HAL_Driver/Src/stm32f4xx_hal.o
 .debug_line    0x0000000000003afe     0x13a9 ./Drivers/STM32F4xx_HAL_Driver/Src/stm32f4xx_hal_adc.o
 .debug_line    0x0000000000004ea7      0xddc ./Drivers/STM32F4xx_HAL_Driver/Src/stm32f4xx_hal_cortex.o
 .debug_line    0x0000000000005c83     0x1091 ./Drivers/STM32F4xx_HAL_Driver/Src/stm32f4xx_hal_dma.o
 .debug_line    0x0000000000006d14      0xc8d ./Drivers/STM32F4xx_HAL_Driver/Src/stm32f4xx_hal_gpio.o
 .debug_line    0x00000000000079a1      0xa5c ./Drivers/STM32F4xx_HAL_Driver/Src/stm32f4xx_hal_pwr_ex.o
 .debug_line    0x00000000000083fd      0xeb5 ./Drivers/STM32F4xx_HAL_Driver/Src/stm32f4xx_hal_rcc.o
 .debug_line    0x00000000000092b2     0x1540 ./Drivers/STM32F4xx_HAL_Driver/Src/stm32f4xx_hal_rcc_ex.o
 .debug_line    0x000000000000a7f2     0x1db7 ./Drivers/STM32F4xx_HAL_Driver/Src/stm32f4xx_hal_spi.o
 .debug_line    0x000000000000c5a9     0x3821 ./Drivers/STM32F4xx_HAL_Driver/Src/stm32f4xx_hal_tim.o
 .debug_line    0x000000000000fdca     0x1b2a ./Drivers/STM32F4xx_HAL_Driver/Src/stm32f4xx_hal_tim_ex.o
 .debug_line    0x00000000000118f4     0x2bd2 ./Drivers/STM32F4xx_HAL_Driver/Src/stm32f4xx_hal_uart.o

.debug_str      0x0000000000000000    0xdfff0
 .debug_str     0x0000000000000000    0xdca6e ./Core/Src/main.o
                                      0xdceba (size before relaxing)
 .debug_str     0x00000000000dca6e      0x132 ./Core/Src/stm32f4xx_hal_msp.o
                                      0xd82c7 (size before relaxing)
 .debug_str     0x00000000000dcba0      0x1c3 ./Core/Src/stm32f4xx_it.o
                                      0xd7c7a (size before relaxing)
 .debug_str     0x00000000000dcd63       0xdb ./Core/Src/system_stm32f4xx.o
                                      0xd6bbd (size before relaxing)
 .debug_str     0x00000000000dce3e       0x36 ./Core/Startup/startup_stm32f446retx.o
                                         0x73 (size before relaxing)
 .debug_str     0x00000000000dce74      0x5da ./Drivers/STM32F4xx_HAL_Driver/Src/stm32f4xx_hal.o
                                      0xd7782 (size before relaxing)
 .debug_str     0x00000000000dd44e      0x25a ./Drivers/STM32F4xx_HAL_Driver/Src/stm32f4xx_hal_adc.o
                                      0xd7185 (size before relaxing)
 .debug_str     0x00000000000dd6a8      0x326 ./Drivers/STM32F4xx_HAL_Driver/Src/stm32f4xx_hal_cortex.o
                                      0xd7490 (size before relaxing)
 .debug_str     0x00000000000dd9ce      0x2c7 ./Drivers/STM32F4xx_HAL_Driver/Src/stm32f4xx_hal_dma.o
                                      0xd6fb2 (size before relaxing)
 .debug_str     0x00000000000ddc95      0x121 ./Drivers/STM32F4xx_HAL_Driver/Src/stm32f4xx_hal_gpio.o
                                      0xd6d38 (size before relaxing)
 .debug_str     0x00000000000dddb6      0x135 ./Drivers/STM32F4xx_HAL_Driver/Src/stm32f4xx_hal_pwr_ex.o
                                      0xd6d95 (size before relaxing)
 .debug_str     0x00000000000ddeeb      0x233 ./Drivers/STM32F4xx_HAL_Driver/Src/stm32f4xx_hal_rcc.o
                                      0xd6ff6 (size before relaxing)
 .debug_str     0x00000000000de11e      0x31c ./Drivers/STM32F4xx_HAL_Driver/Src/stm32f4xx_hal_rcc_ex.o
                                      0xd7029 (size before relaxing)
 .debug_str     0x00000000000de43a      0x4f8 ./Drivers/STM32F4xx_HAL_Driver/Src/stm32f4xx_hal_spi.o
                                      0xd745c (size before relaxing)
 .debug_str     0x00000000000de932      0xd08 ./Drivers/STM32F4xx_HAL_Driver/Src/stm32f4xx_hal_tim.o
                                      0xd7f12 (size before relaxing)
 .debug_str     0x00000000000df63a      0x3e1 ./Drivers/STM32F4xx_HAL_Driver/Src/stm32f4xx_hal_tim_ex.o
                                      0xd772e (size before relaxing)
 .debug_str     0x00000000000dfa1b      0x5d5 ./Drivers/STM32F4xx_HAL_Driver/Src/stm32f4xx_hal_uart.o
                                      0xd756b (size before relaxing)

.comment        0x0000000000000000       0x50
 .comment       0x0000000000000000       0x50 ./Core/Src/main.o
                                         0x51 (size before relaxing)
 .comment       0x0000000000000050       0x51 ./Core/Src/stm32f4xx_hal_msp.o
 .comment       0x0000000000000050       0x51 ./Core/Src/stm32f4xx_it.o
 .comment       0x0000000000000050       0x51 ./Core/Src/system_stm32f4xx.o
 .comment       0x0000000000000050       0x51 ./Drivers/STM32F4xx_HAL_Driver/Src/stm32f4xx_hal.o
 .comment       0x0000000000000050       0x51 ./Drivers/STM32F4xx_HAL_Driver/Src/stm32f4xx_hal_adc.o
 .comment       0x0000000000000050       0x51 ./Drivers/STM32F4xx_HAL_Driver/Src/stm32f4xx_hal_cortex.o
 .comment       0x0000000000000050       0x51 ./Drivers/STM32F4xx_HAL_Driver/Src/stm32f4xx_hal_dma.o
 .comment       0x0000000000000050       0x51 ./Drivers/STM32F4xx_HAL_Driver/Src/stm32f4xx_hal_gpio.o
 .comment       0x0000000000000050       0x51 ./Drivers/STM32F4xx_HAL_Driver/Src/stm32f4xx_hal_pwr_ex.o
 .comment       0x0000000000000050       0x51 ./Drivers/STM32F4xx_HAL_Driver/Src/stm32f4xx_hal_rcc.o
 .comment       0x0000000000000050       0x51 ./Drivers/STM32F4xx_HAL_Driver/Src/stm32f4xx_hal_rcc_ex.o
 .comment       0x0000000000000050       0x51 ./Drivers/STM32F4xx_HAL_Driver/Src/stm32f4xx_hal_spi.o
 .comment       0x0000000000000050       0x51 ./Drivers/STM32F4xx_HAL_Driver/Src/stm32f4xx_hal_tim.o
 .comment       0x0000000000000050       0x51 ./Drivers/STM32F4xx_HAL_Driver/Src/stm32f4xx_hal_tim_ex.o
 .comment       0x0000000000000050       0x51 ./Drivers/STM32F4xx_HAL_Driver/Src/stm32f4xx_hal_uart.o

.debug_frame    0x0000000000000000     0x4a90
 .debug_frame   0x0000000000000000      0x3e0 ./Core/Src/main.o
 .debug_frame   0x00000000000003e0      0x17c ./Core/Src/stm32f4xx_hal_msp.o
 .debug_frame   0x000000000000055c      0x1cc ./Core/Src/stm32f4xx_it.o
 .debug_frame   0x0000000000000728       0x58 ./Core/Src/system_stm32f4xx.o
 .debug_frame   0x0000000000000780      0x374 ./Drivers/STM32F4xx_HAL_Driver/Src/stm32f4xx_hal.o
 .debug_frame   0x0000000000000af4      0x3fc ./Drivers/STM32F4xx_HAL_Driver/Src/stm32f4xx_hal_adc.o
 .debug_frame   0x0000000000000ef0      0x498 ./Drivers/STM32F4xx_HAL_Driver/Src/stm32f4xx_hal_cortex.o
 .debug_frame   0x0000000000001388      0x250 ./Drivers/STM32F4xx_HAL_Driver/Src/stm32f4xx_hal_dma.o
 .debug_frame   0x00000000000015d8      0x14c ./Drivers/STM32F4xx_HAL_Driver/Src/stm32f4xx_hal_gpio.o
 .debug_frame   0x0000000000001724      0x14c ./Drivers/STM32F4xx_HAL_Driver/Src/stm32f4xx_hal_pwr_ex.o
 .debug_frame   0x0000000000001870      0x1f4 ./Drivers/STM32F4xx_HAL_Driver/Src/stm32f4xx_hal_rcc.o
 .debug_frame   0x0000000000001a64      0x1e8 ./Drivers/STM32F4xx_HAL_Driver/Src/stm32f4xx_hal_rcc_ex.o
 .debug_frame   0x0000000000001c4c      0x824 ./Drivers/STM32F4xx_HAL_Driver/Src/stm32f4xx_hal_spi.o
 .debug_frame   0x0000000000002470     0x11c4 ./Drivers/STM32F4xx_HAL_Driver/Src/stm32f4xx_hal_tim.o
 .debug_frame   0x0000000000003634      0x638 ./Drivers/STM32F4xx_HAL_Driver/Src/stm32f4xx_hal_tim_ex.o
 .debug_frame   0x0000000000003c6c      0x92c ./Drivers/STM32F4xx_HAL_Driver/Src/stm32f4xx_hal_uart.o
 .debug_frame   0x0000000000004598       0x30 c:/program files/stmicroelectronics/stm32cube/stm32cubeide_1.9.0/stm32cubeide/plugins/com.st.stm32cube.ide.mcu.externaltools.gnu-tools-for-stm32.10.3-2021.10.win32_1.0.0.202111181127/tools/bin/../lib/gcc/arm-none-eabi/10.3.1/../../../../arm-none-eabi/lib/thumb/v7e-m+fp/hard\libm.a(lib_a-s_ceil.o)
 .debug_frame   0x00000000000045c8       0x38 c:/program files/stmicroelectronics/stm32cube/stm32cubeide_1.9.0/stm32cubeide/plugins/com.st.stm32cube.ide.mcu.externaltools.gnu-tools-for-stm32.10.3-2021.10.win32_1.0.0.202111181127/tools/bin/../lib/gcc/arm-none-eabi/10.3.1/../../../../arm-none-eabi/lib/thumb/v7e-m+fp/hard\libm.a(lib_a-s_sin.o)