../Core/Src/main.c:177:6:HAL_TIM_PeriodElapsedCallback	40	static
../Core/Src/main.c:191:6:HAL_ADC_ConvCpltCallback	16	static
../Core/Src/main.c:233:6:HAL_SPI_RxCpltCallback	16	static
../Core/Src/main.c:250:6:HAL_SPI_TxRxCpltCallback	16	static
../Core/Src/main.c:259:6:phase2dqs	16	static
../Core/Src/main.c:264:6:dqs2dqr	40	static
../Core/Src/main.c:270:6:calibrateADC	24	static
../Core/Src/main.c:293:6:delay_us	16	static
../Core/Src/main.c:299:6:startEncRead	8	static
../Core/Src/main.c:308:6:readEnc	8	static
../Core/Src/main.c:316:6:getElecAngle	16	static
../Core/Src/main.c:330:5:main	16	static
../Core/Src/main.c:411:6:SystemClock_Config	88	static
../Core/Src/main.c:466:13:MX_ADC1_Init	24	static
../Core/Src/main.c:518:13:MX_ADC2_Init	24	static
../Core/Src/main.c:570:13:MX_ADC3_Init	24	static
../Core/Src/main.c:622:13:MX_SPI1_Init	8	static
../Core/Src/main.c:660:13:MX_SPI2_Init	8	static
../Core/Src/main.c:698:13:MX_TIM1_Init	96	static
../Core/Src/main.c:780:13:MX_TIM10_Init	40	static
../Core/Src/main.c:825:13:MX_USART2_UART_Init	8	static
../Core/Src/main.c:856:13:MX_DMA_Init	16	static
../Core/Src/main.c:883:13:MX_GPIO_Init	48	static
../Core/Src/main.c:929:6:SPISend	16	static
../Core/Src/main.c:953:6:setMosfet	8	static
../Core/Src/main.c:970:5:Sector	24	static
../Core/Src/main.c:978:8:Convert	16	static
../Core/Src/main.c:982:6:SpaceVector	72	static
../Core/Src/main.c:1028:6:Error_Handler	4	static,ignoring_inline_asm
