../Core/Src/main.c:131:6:HAL_ADC_ConvCpltCallback	16	static
../Core/Src/main.c:173:6:HAL_SPI_RxCpltCallback	16	static
../Core/Src/main.c:190:6:HAL_SPI_TxRxCpltCallback	16	static
../Core/Src/main.c:199:6:phase2dqs	16	static
../Core/Src/main.c:204:6:dqs2dqr	40	static
../Core/Src/main.c:210:6:calibrateADC	24	static
../Core/Src/main.c:233:6:delay_us	16	static
../Core/Src/main.c:239:6:startEncRead	8	static
../Core/Src/main.c:248:6:readEnc	8	static
../Core/Src/main.c:256:6:getElecAngle	16	static
../Core/Src/main.c:270:5:main	24	static
../Core/Src/main.c:359:6:SystemClock_Config	88	static
../Core/Src/main.c:414:13:MX_ADC1_Init	24	static
../Core/Src/main.c:466:13:MX_ADC2_Init	24	static
../Core/Src/main.c:518:13:MX_ADC3_Init	24	static
../Core/Src/main.c:570:13:MX_SPI1_Init	8	static
../Core/Src/main.c:608:13:MX_SPI2_Init	8	static
../Core/Src/main.c:646:13:MX_TIM1_Init	96	static
../Core/Src/main.c:728:13:MX_TIM6_Init	16	static
../Core/Src/main.c:766:13:MX_USART2_UART_Init	8	static
../Core/Src/main.c:797:13:MX_DMA_Init	16	static
../Core/Src/main.c:824:13:MX_GPIO_Init	48	static
../Core/Src/main.c:870:6:SPISend	16	static
../Core/Src/main.c:894:6:setMosfet	8	static
../Core/Src/main.c:911:5:Sector	24	static
../Core/Src/main.c:919:8:Convert	16	static
../Core/Src/main.c:923:6:SpaceVector	72	static
../Core/Src/main.c:969:6:Error_Handler	4	static,ignoring_inline_asm
