../Core/Src/main.c:167:6:HAL_TIM_PeriodElapsedCallback	24	static
../Core/Src/main.c:210:6:HAL_SPI_RxCpltCallback	16	static
../Core/Src/main.c:227:6:HAL_SPI_TxRxCpltCallback	16	static
../Core/Src/main.c:235:6:adc2phase	40	static
../Core/Src/main.c:241:6:phase2dqs	16	static
../Core/Src/main.c:246:6:delay_us	16	static
../Core/Src/main.c:252:6:startEncRead	8	static
../Core/Src/main.c:261:6:readEnc	8	static
../Core/Src/main.c:269:6:getElecAngle	16	static
../Core/Src/main.c:283:5:main	16	static
../Core/Src/main.c:365:6:SystemClock_Config	88	static
../Core/Src/main.c:420:13:MX_ADC1_Init	24	static
../Core/Src/main.c:472:13:MX_ADC2_Init	24	static
../Core/Src/main.c:524:13:MX_ADC3_Init	24	static
../Core/Src/main.c:576:13:MX_SPI1_Init	8	static
../Core/Src/main.c:614:13:MX_SPI2_Init	8	static
../Core/Src/main.c:652:13:MX_TIM1_Init	96	static
../Core/Src/main.c:734:13:MX_TIM10_Init	40	static
../Core/Src/main.c:779:13:MX_USART2_UART_Init	8	static
../Core/Src/main.c:810:13:MX_DMA_Init	16	static
../Core/Src/main.c:837:13:MX_GPIO_Init	48	static
../Core/Src/main.c:883:6:SPISend	16	static
../Core/Src/main.c:907:6:setMosfet	8	static
../Core/Src/main.c:924:5:Sector	24	static
../Core/Src/main.c:932:8:Convert	16	static
../Core/Src/main.c:936:6:SpaceVector	72	static
../Core/Src/main.c:982:6:Error_Handler	4	static,ignoring_inline_asm
