../Core/Src/main.c:153:6:HAL_TIM_PeriodElapsedCallback	24	static
../Core/Src/main.c:169:6:adc2phase	40	static
../Core/Src/main.c:175:6:phase2dqs	16	static
../Core/Src/main.c:185:5:main	16	static
../Core/Src/main.c:256:6:SystemClock_Config	88	static
../Core/Src/main.c:311:13:MX_ADC1_Init	24	static
../Core/Src/main.c:363:13:MX_ADC2_Init	24	static
../Core/Src/main.c:415:13:MX_ADC3_Init	24	static
../Core/Src/main.c:467:13:MX_SPI2_Init	8	static
../Core/Src/main.c:505:13:MX_TIM1_Init	96	static
../Core/Src/main.c:585:13:MX_DMA_Init	16	static
../Core/Src/main.c:609:13:MX_GPIO_Init	48	static
../Core/Src/main.c:673:6:SPISend	16	static
../Core/Src/main.c:697:6:setMosfet	8	static
../Core/Src/main.c:714:5:Sector	24	static
../Core/Src/main.c:722:8:Convert	16	static
../Core/Src/main.c:726:6:SpaceVector	72	static
../Core/Src/main.c:772:6:Error_Handler	4	static,ignoring_inline_asm
